⚠ [6653/6662] Built JSP692.Hypergraph
warning: ././././JSP692/Hypergraph.lean:35:0: automatically included section variable(s) unused in theorem 'JSP692.not_proper_of_mono':
  [DecidableEq V]
consider restructuring your `variable` declarations so that the variables are not in scope or explicitly omit them:
  omit [DecidableEq V] in theorem ...
note: this linter can be disabled with `set_option linter.unusedSectionVars false`
⚠ [6654/6662] Built JSP692.SplitGadget
warning: ././././JSP692/SplitGadget.lean:55:0: automatically included section variable(s) unused in theorem 'JSP692.mono_liftCore':
  [Fintype Y]
consider restructuring your `variable` declarations so that the variables are not in scope or explicitly omit them:
  omit [Fintype Y] in theorem ...
note: this linter can be disabled with `set_option linter.unusedSectionVars false`
warning: ././././JSP692/SplitGadget.lean:63:0: automatically included section variable(s) unused in theorem 'JSP692.mono_insert_liftCore':
  [Fintype Y]
consider restructuring your `variable` declarations so that the variables are not in scope or explicitly omit them:
  omit [Fintype Y] in theorem ...
note: this linter can be disabled with `set_option linter.unusedSectionVars false`
⚠ [6655/6662] Built JSP692.Relabel
warning: ././././JSP692/Relabel.lean:13:0: automatically included section variable(s) unused in theorem 'JSP692.uniform_relabel':
  [DecidableEq V]
consider restructuring your `variable` declarations so that the variables are not in scope or explicitly omit them:
  omit [DecidableEq V] in theorem ...
note: this linter can be disabled with `set_option linter.unusedSectionVars false`
warning: ././././JSP692/Relabel.lean:29:0: automatically included section variable(s) unused in theorem 'JSP692.proper_relabel_iff':
  [DecidableEq V]
consider restructuring your `variable` declarations so that the variables are not in scope or explicitly omit them:
  omit [DecidableEq V] in theorem ...
note: this linter can be disabled with `set_option linter.unusedSectionVars false`
⚠ [6656/6662] Built JSP692.LinearIntersection
warning: ././././JSP692/LinearIntersection.lean:107:0: automatically included section variable(s) unused in theorem 'JSP692.edge_disjoint_of_independent':
  [Fintype V]
consider restructuring your `variable` declarations so that the variables are not in scope or explicitly omit them:
  omit [Fintype V] in theorem ...
note: this linter can be disabled with `set_option linter.unusedSectionVars false`
⚠ [6657/6662] Built JSP692.AlonCore
warning: ././././JSP692/AlonCore.lean:15:0: automatically included section variable(s) unused in theorem 'JSP692.coreObstructs_of_balanced_splits':
  [DecidableEq Y]
  [Fintype Y]
consider restructuring your `variable` declarations so that the variables are not in scope or explicitly omit them:
  omit [DecidableEq Y] [Fintype Y] in theorem ...
note: this linter can be disabled with `set_option linter.unusedSectionVars false`
warning: ././././JSP692/AlonCore.lean:98:0: automatically included section variable(s) unused in theorem 'JSP692.liftCore_card':
  [Fintype Y]
consider restructuring your `variable` declarations so that the variables are not in scope or explicitly omit them:
  omit [Fintype Y] in theorem ...
note: this linter can be disabled with `set_option linter.unusedSectionVars false`
✔ [6658/6662] Built JSP692.AlonGeometry
✔ [6659/6662] Built JSP692.AlonGrowth
✔ [6660/6662] Built JSP692.Complete
✔ [6661/6662] Built JSP692
Build completed successfully.
