def JSP000554.BadGap : ℕ → ℕ → Prop :=
fun p h =>
  Nat.Prime p ∧
    Nat.Prime (p + h) ∧ (∀ (m : ℕ), p < m → m < p + h → ¬Nat.Prime m) ∧ ∀ (m : ℕ), p < m → m < p + h → m.minFac < h
def JSP000554.primorial : ℕ → ℕ :=
fun h => ∏ q ∈ Finset.range h with Nat.Prime q, q
def JSP000554.omegaSet : ℕ → Finset ℕ :=
fun h =>
  {b ∈ Finset.range (JSP000554.primorial h) |
    b.Coprime (JSP000554.primorial h) ∧
      (b + h).Coprime (JSP000554.primorial h) ∧ ∀ j ∈ Finset.Ioo 0 h, ¬(b + j).Coprime (JSP000554.primorial h)}
'JSP000554.minFac_lt_iff_not_coprime' depends on axioms: [propext, Classical.choice, Quot.sound]
'JSP000554.badGap_iff_residue' depends on axioms: [propext, Classical.choice, Quot.sound]
'JSP000554.badGap_start_ge_length' depends on axioms: [propext, Classical.choice, Quot.sound]
'JSP000554.badGap_iff_residue_all' depends on axioms: [propext, Classical.choice, Quot.sound]
'JSP000554.count_badGaps' depends on axioms: [propext, Classical.choice, Quot.sound]
'JSP000554.count_badGaps_all' depends on axioms: [propext, Classical.choice, Quot.sound]
'JSP000554.no_bad_twin_gap' depends on axioms: [propext, Classical.choice, Quot.sound]
'JSP000554.gap_four_classification' depends on axioms: [propext, Classical.choice, Quot.sound]
'JSP000554.gap_six_classification' depends on axioms: [propext, Classical.choice, Quot.sound]
'JSP000554.gap_eight_classification' depends on axioms: [propext, Classical.choice, Quot.sound]
'JSP000554.gap_ten_classification' depends on axioms: [propext, Classical.choice, Quot.sound]
'JSP000554.gap_twelve_classification' depends on axioms: [propext, Classical.choice, Quot.sound]
JSP000554.badGap_iff_residue_all {p h : ℕ} (hh : 2 ≤ h) :
  JSP000554.BadGap p h ↔ h ≤ p ∧ Nat.Prime p ∧ Nat.Prime (p + h) ∧ p % JSP000554.primorial h ∈ JSP000554.omegaSet h
JSP000554.count_badGaps_all (s : Finset ℕ) (h : ℕ) (hh : 2 ≤ h) :
  {p ∈ s | JSP000554.BadGap p h}.card =
    ∑ b ∈ JSP000554.omegaSet h, {p ∈ s | h ≤ p ∧ Nat.Prime p ∧ Nat.Prime (p + h) ∧ p % JSP000554.primorial h = b}.card
JSP000554.gap_twelve_classification (p : ℕ) :
  JSP000554.BadGap p 12 ↔
    12 ≤ p ∧ Nat.Prime p ∧ Nat.Prime (p + 12) ∧ p % 2310 ∈ {1, 199, 467, 509, 1789, 1831, 2099, 2297}
