[DEBUG:INIT] lean_initialize() started
[DEBUG:INIT] save_stack_info() done
[DEBUG:INIT] initialize_util_module() done
[DEBUG:INIT] About to initialize_Init...
[DEBUG:INIT] initialize_Init() done
[DEBUG:INIT] About to initialize_Std...
[DEBUG:INIT] initialize_Std() done
[DEBUG:INIT] About to initialize_Lean...
[DEBUG:INIT] initialize_Lean() done
[DEBUG:INIT] initialize_kernel_module() done
[DEBUG:INIT] lean_initialize() completed successfully
SEARCH_PATH_STATUS 0
LOADING_SNAPSHOT
[WASM DEBUG] wasmLoadSnapshot: loading /snapshots/game.snap
[WASM DEBUG] wasmLoadSnapshot: cached env for #[Init, Init, GameServer.Tactic.Visual, Game.Browser.Runtime]
SNAPSHOT_STATUS 0 0
[WASM DEBUG] wasmCompile called with code length=6894, fileName=/workspace/input.lean
[WASM DEBUG] Creating input context...
[WASM DEBUG] Getting or creating environment for header imports...
[WASM DEBUG] getOrCreateWasmEnvFor: returning cached env
[WASM DEBUG] Environment ready
[WASM DEBUG] Processing 7 messages...
{"caption":"","data":"'JSP001007.Arithmetic.window_point_mod' depends on axioms: [propext, Quot.sound]","endPos":{"column":6,"line":165},"fileName":"/workspace/input.lean","isSilent":false,"keepFullRange":false,"kind":"[anonymous]","pos":{"column":0,"line":165},"severity":"information"}
{"caption":"","data":"'JSP001007.Arithmetic.window_point_in_interval' depends on axioms: [propext, Classical.choice, Quot.sound]","endPos":{"column":6,"line":166},"fileName":"/workspace/input.lean","isSilent":false,"keepFullRange":false,"kind":"[anonymous]","pos":{"column":0,"line":166},"severity":"information"}
{"caption":"","data":"'JSP001007.Arithmetic.window_points_injective' depends on axioms: [propext, Quot.sound]","endPos":{"column":6,"line":167},"fileName":"/workspace/input.lean","isSilent":false,"keepFullRange":false,"kind":"[anonymous]","pos":{"column":0,"line":167},"severity":"information"}
{"caption":"","data":"'JSP001007.Arithmetic.window_density' depends on axioms: [propext, Quot.sound]","endPos":{"column":6,"line":168},"fileName":"/workspace/input.lean","isSilent":false,"keepFullRange":false,"kind":"[anonymous]","pos":{"column":0,"line":168},"severity":"information"}
{"caption":"","data":"'JSP001007.Arithmetic.cluster_conditions' depends on axioms: [propext, Quot.sound]","endPos":{"column":6,"line":169},"fileName":"/workspace/input.lean","isSilent":false,"keepFullRange":false,"kind":"[anonymous]","pos":{"column":0,"line":169},"severity":"information"}
{"caption":"","data":"'JSP001007.Arithmetic.cluster_cutoff_four' depends on axioms: [propext, Quot.sound]","endPos":{"column":6,"line":170},"fileName":"/workspace/input.lean","isSilent":false,"keepFullRange":false,"kind":"[anonymous]","pos":{"column":0,"line":170},"severity":"information"}
{"caption":"","data":"'JSP001007.Arithmetic.cutoff_ten' depends on axioms: [propext, Quot.sound]","endPos":{"column":6,"line":171},"fileName":"/workspace/input.lean","isSilent":false,"keepFullRange":false,"kind":"[anonymous]","pos":{"column":0,"line":171},"severity":"information"}
[WASM DEBUG] Done, hasErrors=false
COMPILE_STATUS {"ioTag":0,"returnValue":0,"hasLeanErrors":false}
