Local verification, 2026-09-16T13:14:42.876679+00:00

$ lean --version
Lean (version 4.34.0, arm64-apple-darwin24.6.0, commit 293d5d0c0c3f3dded4688b3ccd6a33939ac5102b, Release)
exit=0

$ python --version
Python 3.12.14
exit=0

$ bash verify.sh
Build completed successfully (1590 jobs).
def JSP000387.IsFullFieldOrdering.{u_1} : (K : Type u_1) → [Field K] → [Fintype K] → (ℕ → K) → Prop :=
fun K [Field K] [Fintype K] a =>
  (∀ (i : Fin (Fintype.card K - 1)), a ↑i ≠ 0) ∧
    (Function.Injective fun i => a ↑i) ∧
      (∀ (x : K), x ≠ 0 → ∃ i, a ↑i = x) ∧ Function.Injective fun i => JSP000387.prefixSum a (↑i + 1)
JSP000387.exists_full_field_ordering.{u_2} (K : Type u_2) [Field K] [Fintype K] : ∃ a, JSP000387.IsFullFieldOrdering K a
replaying FullField with --fresh
PASS: compilation, guarded axiom audit, and fresh kernel replay.
exit=0

$ python scripts/manage.py validate
validate: OK
exit=0

$ python scripts/manage.py links
links: OK
exit=0

$ python scripts/manage.py build
build: OK
exit=0

$ python scripts/manage.py check
check: OK
exit=0

$ python scripts/manage.py history --base f4e7173d89dfe91022a185427d63452c8ffbf6ae
history: OK
exit=0

$ python -m unittest discover -s tests -v
test_alias_and_custom_tag_rejected (test_records.RecordTests.test_alias_and_custom_tag_rejected) ... ok
test_award_cannot_be_deleted (test_records.RecordTests.test_award_cannot_be_deleted) ... ok
test_candidate_cannot_publish_award_decision (test_records.RecordTests.test_candidate_cannot_publish_award_decision) ... ok
test_confirmed_states_need_verification (test_records.RecordTests.test_confirmed_states_need_verification) ... ok
test_draft_roundtrip_and_drift (test_records.RecordTests.test_draft_roundtrip_and_drift) ... ok
test_duplicate_entry_ids_rejected (test_records.RecordTests.test_duplicate_entry_ids_rejected) ... ok
test_duplicate_yaml_keys_rejected (test_records.RecordTests.test_duplicate_yaml_keys_rejected) ... ok
test_empty_indexes (test_records.RecordTests.test_empty_indexes) ... ok
test_formal_candidate_needs_statement (test_records.RecordTests.test_formal_candidate_needs_statement) ... ok
test_internal_record_fields_rejected (test_records.RecordTests.test_internal_record_fields_rejected) ... ok
test_local_links_and_anchors (test_records.RecordTests.test_local_links_and_anchors) ... ok
test_nonempty_english_sections (test_records.RecordTests.test_nonempty_english_sections) ... ok
test_pending_candidate_accepts_incomplete_evidence (test_records.RecordTests.test_pending_candidate_accepts_incomplete_evidence) ... ok
test_public_award_and_batch_membership (test_records.RecordTests.test_public_award_and_batch_membership) ... ok
test_published_decision_immutable (test_records.RecordTests.test_published_decision_immutable) ... ok
test_published_statement_immutable_and_superseded (test_records.RecordTests.test_published_statement_immutable_and_superseded) ... ok
test_revocation_keeps_original_evidence (test_records.RecordTests.test_revocation_keeps_original_evidence) ... ok
test_symlinks_and_misplaced_records_rejected (test_records.RecordTests.test_symlinks_and_misplaced_records_rejected) ... ok
test_unconfirmed_award_rejected (test_records.RecordTests.test_unconfirmed_award_rejected) ... ok
test_unconfirmed_names_and_duplicate_recipients_rejected (test_records.RecordTests.test_unconfirmed_names_and_duplicate_recipients_rejected) ... ok
test_unknown_payment_field_rejected (test_records.RecordTests.test_unknown_payment_field_rejected) ... ok
test_verification_requires_consistent_successful_evidence (test_records.RecordTests.test_verification_requires_consistent_successful_evidence) ... ok

----------------------------------------------------------------------
Ran 22 tests in 1.822s

OK
exit=0
