EXIT STATUS 0
✔ [8745/8767] Built MerLeanExperiment.Subdivision (19s)
✔ [8746/8767] Built MerLeanExperiment.Vendor.Dirichlet (20s)
✔ [8747/8767] Built MerLeanExperiment.SimultaneousApproximation (7.3s)
✔ [8748/8767] Built MerLeanExperiment.PhaseStability (7.6s)
✔ [8749/8767] Built MerLeanExperiment.MeanFrequency (7.6s)
✔ [8750/8767] Built MerLeanExperiment.SubdivisionEnumeration (7.6s)
✔ [8751/8767] Built MerLeanExperiment.BlockConstruction (8.6s)
✔ [8752/8767] Built MerLeanExperiment.FiniteParameters (8.6s)
✔ [8753/8767] Built MerLeanExperiment.ExponentialDivision (9.2s)
✔ [8754/8767] Built MerLeanExperiment.ConstantTail (9.1s)
✔ [8755/8767] Built MerLeanExperiment.GlobalDivisionSequence (8.6s)
✔ [8756/8767] Built MerLeanExperiment.FiniteDivisionFamily (8.6s)
✔ [8757/8767] Built MerLeanExperiment.BlockExceptional (8.8s)
✔ [8758/8767] Built MerLeanExperiment.BlockIndices (11s)
✔ [8759/8767] Built MerLeanExperiment.GlobalSignTail (7.2s)
✔ [8760/8767] Built MerLeanExperiment.ExponentialExceptionalMeasure (7.9s)
✔ [8761/8767] Built MerLeanExperiment.ExponentialSignBridge (8.2s)
✔ [8762/8767] Built MerLeanExperiment.BlockAsymptotics (7.5s)
✔ [8763/8767] Built MerLeanExperiment.ExponentialExceptionalSafety (12s)
✔ [8764/8767] Built MerLeanExperiment.DilationLemma (5.3s)
✔ [8765/8767] Built MerLeanExperiment.Goal (4.0s)
✔ [8766/8767] Built MerLeanExperiment (3.9s)
Build completed successfully (8767 jobs).
