test_comment_stripping (test_audit.SourceAuditTests.test_comment_stripping) ... ok
test_missing_axiom_output_is_not_success (test_audit.SourceAuditTests.test_missing_axiom_output_is_not_success) ... ok
test_original_and_finite_checks (test_audit.SourceAuditTests.test_original_and_finite_checks) ... ok
test_reject_changed_edge (test_audit.SourceAuditTests.test_reject_changed_edge) ... ok
test_reject_changed_edge_certificate (test_audit.SourceAuditTests.test_reject_changed_edge_certificate) ... ok
test_reject_changed_obstruction (test_audit.SourceAuditTests.test_reject_changed_obstruction) ... ok
test_reject_changed_vertex_certificate (test_audit.SourceAuditTests.test_reject_changed_vertex_certificate) ... ok
test_reject_native_decide (test_audit.SourceAuditTests.test_reject_native_decide) ... ok
test_reject_new_axiom (test_audit.SourceAuditTests.test_reject_new_axiom) ... ok
test_reject_sorry (test_audit.SourceAuditTests.test_reject_sorry) ... ok
test_sorry_axiom_output_is_rejected (test_audit.SourceAuditTests.test_sorry_axiom_output_is_rejected) ... ok

----------------------------------------------------------------------
Ran 11 tests in 0.013s

OK
Lean (version 4.19.0, arm64-apple-darwin23.6.0, commit 6caaee842e94, Release)
ℹ [2/3] Built JSP690
info: ././././JSP690.lean:462:0: 'JSP690.JSP_000690' depends on axioms: [propext, Quot.sound]
info: ././././JSP690.lean:463:0: 'JSP690.JSP_000690_full' depends on axioms: [propext, Classical.choice, Quot.sound]
info: ././././JSP690.lean:464:0: 'JSP690.Edge.ext_vertices' depends on axioms: [propext, Quot.sound]
info: ././././JSP690.lean:465:0: 'JSP690.Edge.proper_iff_nonmonochromatic' depends on axioms: [propext, Classical.choice, Quot.sound]
Build completed successfully.
'JSP690.JSP_000690' depends on axioms: [propext, Quot.sound]
'JSP690.JSP_000690_full' depends on axioms: [propext, Classical.choice, Quot.sound]
'JSP690.Edge.ext_vertices' depends on axioms: [propext, Quot.sound]
'JSP690.Edge.proper_iff_nonmonochromatic' depends on axioms: [propext, Classical.choice, Quot.sound]
PASS: Lean accepted the source and all requested axiom audits passed.
