2026-09-17T01:04:08.9752254Z Current runner version: '2.337.0'
2026-09-17T01:04:08.9775697Z ##[group]Runner Image Provisioner
2026-09-17T01:04:08.9776567Z Hosted Compute Agent
2026-09-17T01:04:08.9777244Z Version: 20260828.587
2026-09-17T01:04:08.9777887Z Commit: abac92662cab4cc7352de4f9f9d2e2419aad9c29
2026-09-17T01:04:08.9778985Z Build Date: 2026-08-28T16:44:25Z
2026-09-17T01:04:08.9779836Z Worker ID: {7dd979a0-38a5-4262-a1bd-2b21a0ca985b}
2026-09-17T01:04:08.9780554Z Azure Region: westcentralus
2026-09-17T01:04:08.9781201Z ##[endgroup]
2026-09-17T01:04:08.9782861Z ##[group]Operating System
2026-09-17T01:04:08.9783480Z Ubuntu
2026-09-17T01:04:08.9784130Z 24.04.5
2026-09-17T01:04:08.9784675Z LTS
2026-09-17T01:04:08.9785220Z ##[endgroup]
2026-09-17T01:04:08.9785796Z ##[group]Runner Image
2026-09-17T01:04:08.9786396Z Image: ubuntu-24.04
2026-09-17T01:04:08.9787051Z Version: 20260907.300.1
2026-09-17T01:04:08.9788292Z Included Software: https://github.com/actions/runner-images/blob/ubuntu24/20260907.300/images/ubuntu/Ubuntu2404-Readme.md
2026-09-17T01:04:08.9790248Z Image Release: https://github.com/actions/runner-images/releases/tag/ubuntu24%2F20260907.300
2026-09-17T01:04:08.9791212Z ##[endgroup]
2026-09-17T01:04:08.9792750Z ##[group]GITHUB_TOKEN Permissions
2026-09-17T01:04:08.9794801Z Contents: read
2026-09-17T01:04:08.9795485Z Metadata: read
2026-09-17T01:04:08.9796111Z ##[endgroup]
2026-09-17T01:04:08.9798184Z Secret source: Actions
2026-09-17T01:04:08.9799414Z Cache mode: write
2026-09-17T01:04:08.9800311Z Prepare workflow directory
2026-09-17T01:04:09.0199511Z Prepare all required actions
2026-09-17T01:04:09.0245846Z Getting action download info
2026-09-17T01:04:09.3203864Z Download action repository 'actions/checkout@11d5960a326750d5838078e36cf38b85af677262' (SHA:11d5960a326750d5838078e36cf38b85af677262)
2026-09-17T01:04:09.4197500Z Download action repository 'actions/upload-artifact@ea165f8d65b6e75b540449e92b4886f43607fa02' (SHA:ea165f8d65b6e75b540449e92b4886f43607fa02)
2026-09-17T01:04:09.6233100Z Complete job name: verify
2026-09-17T01:04:09.6975670Z Node 20 is being deprecated. This workflow is running with Node 24 by default. If you need to temporarily use Node 20, you can set the ACTIONS_ALLOW_USE_UNSECURE_NODE_VERSION=true environment variable. For more information see: https://github.blog/changelog/2025-09-19-deprecation-of-node-20-on-github-actions-runners/
2026-09-17T01:04:09.6984688Z ##[group]Run actions/checkout@11d5960a326750d5838078e36cf38b85af677262
2026-09-17T01:04:09.6985648Z with:
2026-09-17T01:04:09.6986099Z   persist-credentials: false
2026-09-17T01:04:09.6986670Z   repository: ketianzhang1-lang/jsp-000301-lean
2026-09-17T01:04:09.6990645Z   token: ***
2026-09-17T01:04:09.6991090Z   ssh-strict: true
2026-09-17T01:04:09.6991528Z   ssh-user: git
2026-09-17T01:04:09.6991945Z   clean: true
2026-09-17T01:04:09.6992387Z   sparse-checkout-cone-mode: true
2026-09-17T01:04:09.6992915Z   fetch-depth: 1
2026-09-17T01:04:09.6993342Z   fetch-tags: false
2026-09-17T01:04:09.6993788Z   show-progress: true
2026-09-17T01:04:09.6994285Z   lfs: false
2026-09-17T01:04:09.6994706Z   submodules: false
2026-09-17T01:04:09.6995160Z   set-safe-directory: true
2026-09-17T01:04:09.6995677Z   allow-unsafe-pr-checkout: false
2026-09-17T01:04:09.6996462Z ##[endgroup]
2026-09-17T01:04:09.7987494Z Syncing repository: ketianzhang1-lang/jsp-000301-lean
2026-09-17T01:04:09.7990479Z ##[group]Getting Git version info
2026-09-17T01:04:09.7991722Z Working directory is '/home/runner/work/jsp-000301-lean/jsp-000301-lean'
2026-09-17T01:04:09.7993477Z [command]/usr/bin/git version
2026-09-17T01:04:09.8062154Z git version 2.55.0
2026-09-17T01:04:09.8083622Z ##[endgroup]
2026-09-17T01:04:09.8097631Z Temporarily overriding HOME='/home/runner/work/_temp/43ed118d-e62c-4c16-93f3-934ab1a73a1d' before making global git config changes
2026-09-17T01:04:09.8100436Z Adding repository directory to the temporary git global config as a safe directory
2026-09-17T01:04:09.8108690Z [command]/usr/bin/git config --global --add safe.directory /home/runner/work/jsp-000301-lean/jsp-000301-lean
2026-09-17T01:04:09.8165248Z Deleting the contents of '/home/runner/work/jsp-000301-lean/jsp-000301-lean'
2026-09-17T01:04:09.8170438Z ##[group]Initializing the repository
2026-09-17T01:04:09.8174837Z [command]/usr/bin/git init /home/runner/work/jsp-000301-lean/jsp-000301-lean
2026-09-17T01:04:09.8293456Z hint: Using 'master' as the name for the initial branch. This default branch name
2026-09-17T01:04:09.8295063Z hint: will change to "main" in Git 3.0. To configure the initial branch name
2026-09-17T01:04:09.8296584Z hint: to use in all of your new repositories, which will suppress this warning,
2026-09-17T01:04:09.8297853Z hint: call:
2026-09-17T01:04:09.8298759Z hint:
2026-09-17T01:04:09.8299663Z hint: 	git config --global init.defaultBranch <name>
2026-09-17T01:04:09.8300639Z hint:
2026-09-17T01:04:09.8301688Z hint: Names commonly chosen instead of 'master' are 'main', 'trunk' and
2026-09-17T01:04:09.8303281Z hint: 'development'. The just-created branch can be renamed via this command:
2026-09-17T01:04:09.8304561Z hint:
2026-09-17T01:04:09.8305244Z hint: 	git branch -m <name>
2026-09-17T01:04:09.8306006Z hint:
2026-09-17T01:04:09.8307018Z hint: Disable this message with "git config set advice.defaultBranchName false"
2026-09-17T01:04:09.8309058Z Initialized empty Git repository in /home/runner/work/jsp-000301-lean/jsp-000301-lean/.git/
2026-09-17T01:04:09.8311849Z [command]/usr/bin/git remote add origin https://github.com/ketianzhang1-lang/jsp-000301-lean
2026-09-17T01:04:09.8355989Z ##[endgroup]
2026-09-17T01:04:09.8357244Z ##[group]Disabling automatic garbage collection
2026-09-17T01:04:09.8360365Z [command]/usr/bin/git config --local gc.auto 0
2026-09-17T01:04:09.8390496Z ##[endgroup]
2026-09-17T01:04:09.8391599Z ##[group]Setting up auth
2026-09-17T01:04:09.8396960Z [command]/usr/bin/git config --local --name-only --get-regexp core\.sshCommand
2026-09-17T01:04:09.8430804Z [command]/usr/bin/git submodule foreach --recursive sh -c "git config --local --name-only --get-regexp 'core\.sshCommand' && git config --local --unset-all 'core.sshCommand' || :"
2026-09-17T01:04:09.8809294Z [command]/usr/bin/git config --local --name-only --get-regexp http\.https\:\/\/github\.com\/\.extraheader
2026-09-17T01:04:09.8850031Z [command]/usr/bin/git submodule foreach --recursive sh -c "git config --local --name-only --get-regexp 'http\.https\:\/\/github\.com\/\.extraheader' && git config --local --unset-all 'http.https://github.com/.extraheader' || :"
2026-09-17T01:04:09.9075825Z [command]/usr/bin/git config --local --name-only --get-regexp ^includeIf\.gitdir:
2026-09-17T01:04:09.9111062Z [command]/usr/bin/git submodule foreach --recursive git config --local --show-origin --name-only --get-regexp remote.origin.url
2026-09-17T01:04:09.9331976Z [command]/usr/bin/git config --local http.https://github.com/.extraheader AUTHORIZATION: basic ***
2026-09-17T01:04:09.9371771Z ##[endgroup]
2026-09-17T01:04:09.9372656Z ##[group]Fetching the repository
2026-09-17T01:04:09.9381903Z [command]/usr/bin/git -c protocol.version=2 fetch --no-tags --prune --no-recurse-submodules --depth=1 origin +d606af2009f85d5060008a1df249045c18ac34f3:refs/remotes/origin/jsp-000843-mycielski
2026-09-17T01:04:10.3563635Z From https://github.com/ketianzhang1-lang/jsp-000301-lean
2026-09-17T01:04:10.3567896Z  * [new ref]         d606af2009f85d5060008a1df249045c18ac34f3 -> origin/jsp-000843-mycielski
2026-09-17T01:04:10.3577846Z ##[endgroup]
2026-09-17T01:04:10.3579629Z ##[group]Determining the checkout info
2026-09-17T01:04:10.3581021Z ##[endgroup]
2026-09-17T01:04:10.3581793Z [command]/usr/bin/git sparse-checkout disable
2026-09-17T01:04:10.3630096Z [command]/usr/bin/git config --local --unset-all extensions.worktreeConfig
2026-09-17T01:04:10.3661750Z ##[group]Checking out the ref
2026-09-17T01:04:10.3666129Z [command]/usr/bin/git checkout --progress --force -B jsp-000843-mycielski refs/remotes/origin/jsp-000843-mycielski
2026-09-17T01:04:10.3739997Z Switched to a new branch 'jsp-000843-mycielski'
2026-09-17T01:04:10.3745634Z branch 'jsp-000843-mycielski' set up to track 'origin/jsp-000843-mycielski'.
2026-09-17T01:04:10.3756662Z ##[endgroup]
2026-09-17T01:04:10.3796197Z [command]/usr/bin/git log -1 --format=%H
2026-09-17T01:04:10.3822347Z d606af2009f85d5060008a1df249045c18ac34f3
2026-09-17T01:04:10.3831197Z ##[group]Removing auth
2026-09-17T01:04:10.3834422Z [command]/usr/bin/git config --local --name-only --get-regexp core\.sshCommand
2026-09-17T01:04:10.3866070Z [command]/usr/bin/git submodule foreach --recursive sh -c "git config --local --name-only --get-regexp 'core\.sshCommand' && git config --local --unset-all 'core.sshCommand' || :"
2026-09-17T01:04:10.4086703Z [command]/usr/bin/git config --local --name-only --get-regexp http\.https\:\/\/github\.com\/\.extraheader
2026-09-17T01:04:10.4114723Z http.https://github.com/.extraheader
2026-09-17T01:04:10.4123035Z [command]/usr/bin/git config --local --unset-all http.https://github.com/.extraheader
2026-09-17T01:04:10.4159717Z [command]/usr/bin/git submodule foreach --recursive sh -c "git config --local --name-only --get-regexp 'http\.https\:\/\/github\.com\/\.extraheader' && git config --local --unset-all 'http.https://github.com/.extraheader' || :"
2026-09-17T01:04:10.4376391Z [command]/usr/bin/git config --local --name-only --get-regexp ^includeIf\.gitdir:
2026-09-17T01:04:10.4408836Z [command]/usr/bin/git submodule foreach --recursive git config --local --show-origin --name-only --get-regexp remote.origin.url
2026-09-17T01:04:10.4723510Z ##[endgroup]
2026-09-17T01:04:10.4862549Z ##[group]Run set -euo pipefail
2026-09-17T01:04:10.4863272Z [36;1mset -euo pipefail[0m
2026-09-17T01:04:10.4864267Z [36;1mcurl -sSf https://elan.lean-lang.org/elan-init.sh | sh -s -- -y --default-toolchain none[0m
2026-09-17T01:04:10.4865366Z [36;1mecho "$HOME/.elan/bin" >> "$GITHUB_PATH"[0m
2026-09-17T01:04:10.4866096Z [36;1mexport PATH="$HOME/.elan/bin:$PATH"[0m
2026-09-17T01:04:10.4866866Z [36;1melan toolchain install "$(cat lean-toolchain)"[0m
2026-09-17T01:04:10.4867625Z [36;1mtest -s lake-manifest.json[0m
2026-09-17T01:04:10.4868286Z [36;1mlake exe cache get[0m
2026-09-17T01:04:10.4869435Z [36;1mgit diff --exit-code -- lake-manifest.json[0m
2026-09-17T01:04:10.4910722Z shell: /usr/bin/bash --noprofile --norc -e -o pipefail {0}
2026-09-17T01:04:10.4911506Z ##[endgroup]
2026-09-17T01:04:10.6887148Z info: downloading installer
2026-09-17T01:04:12.4846190Z info: downloading https://releases.lean-lang.org/lean4/v4.34.0/lean-4.34.0-linux.tar.zst
2026-09-17T01:04:17.5906771Z info: installing /home/runner/.elan/toolchains/leanprover--lean4---v4.34.0
2026-09-17T01:04:24.3421062Z 
2026-09-17T01:04:24.3793768Z leanprover/lean4:v4.34.0 installed - Lean (version 4.34.0, x86_64-unknown-linux-gnu, commit 293d5d0c0c3f3dded4688b3ccd6a33939ac5102b, Release)
2026-09-17T01:04:24.3795060Z 
2026-09-17T01:04:24.9008911Z info: mathlib: cloning https://github.com/leanprover-community/mathlib4
2026-09-17T01:04:56.5043776Z info: mathlib: checking out revision '5ed2965256430c3649e86755f9576b54eca72435'
2026-09-17T01:04:57.5659047Z info: plausible: cloning https://github.com/leanprover-community/plausible
2026-09-17T01:04:58.1059294Z info: plausible: checking out revision '118aa17ee84656b8bd727fef7c458ee8c833385c'
2026-09-17T01:04:58.1182539Z info: LeanSearchClient: cloning https://github.com/leanprover-community/LeanSearchClient
2026-09-17T01:04:58.6758776Z info: LeanSearchClient: checking out revision 'ddf04cf3949fa556442341e87d47f9f6e6074707'
2026-09-17T01:04:58.6875716Z info: importGraph: cloning https://github.com/leanprover-community/import-graph
2026-09-17T01:04:59.2931459Z info: importGraph: checking out revision 'e928b72544873815af278d38681b31c0293588e3'
2026-09-17T01:04:59.3075792Z info: proofwidgets: cloning https://github.com/leanprover-community/ProofWidgets4
2026-09-17T01:05:00.9079697Z info: proofwidgets: checking out revision '106ff4fafc74ef4ac99d81dbf3ab399118f497a5'
2026-09-17T01:05:01.5340835Z info: aesop: cloning https://github.com/leanprover-community/aesop
2026-09-17T01:05:02.9628763Z info: aesop: checking out revision '355695d523e41d0554926416cba2a2b3544fbbc9'
2026-09-17T01:05:02.9806219Z info: Qq: cloning https://github.com/leanprover-community/quote4
2026-09-17T01:05:03.6829091Z info: Qq: checking out revision '6a489d9af5d0c47e5b259e2e8bcdfc1811b5a259'
2026-09-17T01:05:03.6953985Z info: batteries: cloning https://github.com/leanprover-community/batteries
2026-09-17T01:05:13.1619426Z info: batteries: checking out revision 'f2effa3d803fda822b1f97b806c47cf2adfbcbc2'
2026-09-17T01:05:13.1827257Z info: Cli: cloning https://github.com/leanprover/lean4-cli
2026-09-17T01:05:13.7450950Z info: Cli: checking out revision 'e92c9f15fdfacc8536f31cfb3b7ad26c3c8cd204'
2026-09-17T01:05:14.1579282Z ✔ [1/5] Built Cache.Cli (336ms)
2026-09-17T01:05:14.2580220Z ✔ [2/5] Built Cache.Lean (414ms)
2026-09-17T01:05:20.6713034Z ✔ [7/42] Built Cache.Cli:c.o (206ms)
2026-09-17T01:05:20.6714243Z ✔ [8/42] Built Cache.Lean:c.o (250ms)
2026-09-17T01:05:20.8730094Z ✔ [10/42] Built Cache.Env (448ms)
2026-09-17T01:05:21.0725031Z ✔ [11/42] Built Cache.Env:c.o (217ms)
2026-09-17T01:05:21.3743683Z ✔ [12/42] Built Cache.Infra (487ms)
2026-09-17T01:05:21.5745536Z ✔ [13/42] Built Cache.Infra:c.o (261ms)
2026-09-17T01:05:22.0761743Z ✔ [14/42] Built Cache.IO (1.7s)
2026-09-17T01:05:22.8781301Z ✔ [15/42] Built Cache.Hashing (795ms)
2026-09-17T01:05:23.3788084Z ✔ [16/42] Built Cache.Hashing:c.o (487ms)
2026-09-17T01:05:23.9795976Z ✔ [17/42] Built Cache.IO:c.o (1.0s)
2026-09-17T01:05:24.9808047Z ✔ [18/42] Built Cache.Requests (2.1s)
2026-09-17T01:05:25.4820173Z ✔ [19/42] Built Cache.Marker (567ms)
2026-09-17T01:05:25.6840022Z ✔ [20/42] Built Cache.Marker:c.o (175ms)
2026-09-17T01:05:26.3840073Z ✔ [21/42] Built Cache.Query (882ms)
2026-09-17T01:05:26.6863818Z ✔ [22/42] Built Cache.Upload.Dest (1.2s)
2026-09-17T01:05:26.8873163Z ✔ [23/42] Built Cache.Upload.Dest:c.o (214ms)
2026-09-17T01:05:26.8899529Z ✔ [24/42] Built Cache.Query:c.o (536ms)
2026-09-17T01:05:27.5891404Z ✔ [25/42] Built Cache.Warning (1.2s)
2026-09-17T01:05:27.9890852Z ✔ [26/42] Built Cache.Upload.Curl (1.0s)
2026-09-17T01:05:27.9899562Z ✔ [27/42] Built Cache.Upload.Rclone (1.1s)
2026-09-17T01:05:27.9929534Z ✔ [28/42] Built Cache.Warning:c.o (455ms)
2026-09-17T01:05:28.3920058Z ✔ [29/42] Built Cache.Upload.Curl:c.o (406ms)
2026-09-17T01:05:28.3939552Z ✔ [30/42] Built Cache.Upload.Rclone:c.o (380ms)
2026-09-17T01:05:28.7923252Z ✔ [31/42] Built Cache.Requests:c.o (3.9s)
2026-09-17T01:05:28.8928126Z ✔ [32/42] Built Cache.Upload.Azure (872ms)
2026-09-17T01:05:29.0930557Z ✔ [33/42] Built Cache.Upload.Azure:c.o (153ms)
2026-09-17T01:05:29.1927111Z ✔ [34/42] Built Cache.Upload.S3 (844ms)
2026-09-17T01:05:29.5927330Z ✔ [35/42] Built Cache.Upload.S3:c.o (383ms)
2026-09-17T01:05:29.7940045Z ✔ [36/42] Built Cache.Upload.Defs (587ms)
2026-09-17T01:05:29.9922598Z ✔ [37/42] Built Cache.Upload.Defs:c.o (164ms)
2026-09-17T01:05:30.2934044Z ✔ [38/42] Built Cache.Upload (538ms)
2026-09-17T01:05:30.4936351Z ✔ [39/42] Built Cache.Upload:c.o (124ms)
2026-09-17T01:05:31.4945932Z ✔ [40/42] Built Cache.Main (1.1s)
2026-09-17T01:05:32.3957213Z ✔ [41/42] Built Cache.Main:c.o (966ms)
2026-09-17T01:05:33.0973901Z ✔ [42/42] Built cache:exe (714ms)
2026-09-17T01:05:35.9251278Z Current branch: HEAD
2026-09-17T01:05:35.9252076Z Using cache from origin: (some leanprover-community/mathlib4)
2026-09-17T01:05:35.9252820Z Attempting to download 8908 file(s) from leanprover-community/mathlib4 cache at https://cache.mathlib.org/mathlib4-master
2026-09-17T01:05:36.2680821Z 
2026-09-17T01:05:36.3807652Z Downloaded: 1 file(s) [attempted 1/8908 = 0%, 38 KB/s], Decompressed: 0
2026-09-17T01:05:36.4917202Z Downloaded: 27 file(s) [attempted 27/8908 = 0%, 22 KB/s], Decompressed: 12
2026-09-17T01:05:36.5961959Z Downloaded: 84 file(s) [attempted 84/8908 = 0%, 1019 KB/s], Decompressed: 27
2026-09-17T01:05:36.7009644Z Downloaded: 183 file(s) [attempted 183/8908 = 2%, 950 KB/s], Decompressed: 48
2026-09-17T01:05:36.8039722Z Downloaded: 270 file(s) [attempted 270/8908 = 3%, 587 KB/s], Decompressed: 48
2026-09-17T01:05:36.9074623Z Downloaded: 359 file(s) [attempted 359/8908 = 4%, 367 KB/s], Decompressed: 48
2026-09-17T01:05:37.0073665Z Downloaded: 440 file(s) [attempted 440/8908 = 4%, 378 KB/s], Decompressed: 133
2026-09-17T01:05:37.1096449Z Downloaded: 529 file(s) [attempted 529/8908 = 5%, 136 KB/s], Decompressed: 133
2026-09-17T01:05:37.2109974Z Downloaded: 597 file(s) [attempted 597/8908 = 6%, 6061 KB/s], Decompressed: 133
2026-09-17T01:05:37.3177306Z Downloaded: 681 file(s) [attempted 681/8908 = 7%, 526 KB/s], Decompressed: 133
2026-09-17T01:05:37.4190110Z Downloaded: 779 file(s) [attempted 779/8908 = 8%, 932 KB/s], Decompressed: 133
2026-09-17T01:05:37.5181184Z Downloaded: 888 file(s) [attempted 888/8908 = 9%, 1735 KB/s], Decompressed: 133
2026-09-17T01:05:37.6220381Z Downloaded: 1006 file(s) [attempted 1006/8908 = 11%, 323 KB/s], Decompressed: 133
2026-09-17T01:05:37.7239852Z Downloaded: 1118 file(s) [attempted 1118/8908 = 12%, 1264 KB/s], Decompressed: 133
2026-09-17T01:05:37.8289918Z Downloaded: 1210 file(s) [attempted 1210/8908 = 13%, 925 KB/s], Decompressed: 133
2026-09-17T01:05:37.9569386Z Downloaded: 1296 file(s) [attempted 1296/8908 = 14%, 623 KB/s], Decompressed: 133
2026-09-17T01:05:38.0590665Z Downloaded: 1409 file(s) [attempted 1409/8908 = 15%, 487 KB/s], Decompressed: 133
2026-09-17T01:05:38.1600622Z Downloaded: 1512 file(s) [attempted 1512/8908 = 16%, 2747 KB/s], Decompressed: 422
2026-09-17T01:05:38.2620801Z Downloaded: 1616 file(s) [attempted 1616/8908 = 18%, 1007 KB/s], Decompressed: 422
2026-09-17T01:05:38.3644525Z Downloaded: 1707 file(s) [attempted 1707/8908 = 19%, 339 KB/s], Decompressed: 422
2026-09-17T01:05:38.4641191Z Downloaded: 1788 file(s) [attempted 1788/8908 = 20%, 1169 KB/s], Decompressed: 422
2026-09-17T01:05:38.5905208Z Downloaded: 1867 file(s) [attempted 1868/8908 = 20%, 1592 KB/s], Decompressed: 422
2026-09-17T01:05:38.7119825Z Downloaded: 1968 file(s) [attempted 1969/8908 = 22%, 378 KB/s], Decompressed: 422
2026-09-17T01:05:38.8259462Z Downloaded: 2071 file(s) [attempted 2072/8908 = 23%, 1883 KB/s], Decompressed: 422
2026-09-17T01:05:38.9287273Z Downloaded: 2177 file(s) [attempted 2178/8908 = 24%, 1387 KB/s], Decompressed: 422
2026-09-17T01:05:39.0316734Z Downloaded: 2311 file(s) [attempted 2312/8908 = 25%, 940 KB/s], Decompressed: 422
2026-09-17T01:05:39.1389519Z Downloaded: 2429 file(s) [attempted 2430/8908 = 27%, 490 KB/s], Decompressed: 422
2026-09-17T01:05:39.2344515Z Downloaded: 2530 file(s) [attempted 2531/8908 = 28%, 1355 KB/s], Decompressed: 422
2026-09-17T01:05:39.3390042Z Downloaded: 2629 file(s) [attempted 2630/8908 = 29%, 1121 KB/s], Decompressed: 422
2026-09-17T01:05:39.4402925Z Downloaded: 2724 file(s) [attempted 2725/8908 = 30%, 492 KB/s], Decompressed: 422
2026-09-17T01:05:39.5770867Z Downloaded: 2832 file(s) [attempted 2833/8908 = 31%, 458 KB/s], Decompressed: 422
2026-09-17T01:05:39.6919741Z Downloaded: 2945 file(s) [attempted 2946/8908 = 33%, 1094 KB/s], Decompressed: 422
2026-09-17T01:05:39.7942577Z Downloaded: 3046 file(s) [attempted 3047/8908 = 34%, 168 KB/s], Decompressed: 422
2026-09-17T01:05:39.9017310Z Downloaded: 3154 file(s) [attempted 3155/8908 = 35%, 1333 KB/s], Decompressed: 422
2026-09-17T01:05:40.0174607Z Downloaded: 3245 file(s) [attempted 3246/8908 = 36%, 557 KB/s], Decompressed: 422
2026-09-17T01:05:40.1334257Z Downloaded: 3351 file(s) [attempted 3352/8908 = 37%, 411 KB/s], Decompressed: 422
2026-09-17T01:05:40.2350118Z Downloaded: 3454 file(s) [attempted 3455/8908 = 38%, 1970 KB/s], Decompressed: 422
2026-09-17T01:05:40.3390029Z Downloaded: 3567 file(s) [attempted 3568/8908 = 40%, 1063 KB/s], Decompressed: 422
2026-09-17T01:05:40.4348249Z Downloaded: 3659 file(s) [attempted 3660/8908 = 41%, 7032 KB/s], Decompressed: 422
2026-09-17T01:05:40.5360499Z Downloaded: 3752 file(s) [attempted 3753/8908 = 42%, 219 KB/s], Decompressed: 422
2026-09-17T01:05:40.6439507Z Downloaded: 3856 file(s) [attempted 3857/8908 = 43%, 3979 KB/s], Decompressed: 422
2026-09-17T01:05:40.7469869Z Downloaded: 3968 file(s) [attempted 3969/8908 = 44%, 1102 KB/s], Decompressed: 422
2026-09-17T01:05:40.8490011Z Downloaded: 4079 file(s) [attempted 4080/8908 = 45%, 789 KB/s], Decompressed: 422
2026-09-17T01:05:40.9493096Z Downloaded: 4177 file(s) [attempted 4178/8908 = 46%, 473 KB/s], Decompressed: 422
2026-09-17T01:05:41.0527104Z Downloaded: 4252 file(s) [attempted 4253/8908 = 47%, 1314 KB/s], Decompressed: 422
2026-09-17T01:05:41.1540032Z Downloaded: 4343 file(s) [attempted 4344/8908 = 48%, 3278 KB/s], Decompressed: 422
2026-09-17T01:05:41.2576708Z Downloaded: 4452 file(s) [attempted 4453/8908 = 49%, 991 KB/s], Decompressed: 422
2026-09-17T01:05:41.3619811Z Downloaded: 4514 file(s) [attempted 4515/8908 = 50%, 280 KB/s], Decompressed: 422
2026-09-17T01:05:41.4629851Z Downloaded: 4612 file(s) [attempted 4613/8908 = 51%, 722 KB/s], Decompressed: 422
2026-09-17T01:05:41.5637602Z Downloaded: 4677 file(s) [attempted 4678/8908 = 52%, 378 KB/s], Decompressed: 422
2026-09-17T01:05:41.6653212Z Downloaded: 4773 file(s) [attempted 4774/8908 = 53%, 1012 KB/s], Decompressed: 422
2026-09-17T01:05:41.7678403Z Downloaded: 4828 file(s) [attempted 4829/8908 = 54%, 1022 KB/s], Decompressed: 422
2026-09-17T01:05:41.8683834Z Downloaded: 4924 file(s) [attempted 4925/8908 = 55%, 140 KB/s], Decompressed: 422
2026-09-17T01:05:41.9709992Z Downloaded: 5025 file(s) [attempted 5026/8908 = 56%, 324 KB/s], Decompressed: 422
2026-09-17T01:05:42.0769849Z Downloaded: 5121 file(s) [attempted 5122/8908 = 57%, 169 KB/s], Decompressed: 422
2026-09-17T01:05:42.1794895Z Downloaded: 5203 file(s) [attempted 5204/8908 = 58%, 346 KB/s], Decompressed: 422
2026-09-17T01:05:42.2809789Z Downloaded: 5275 file(s) [attempted 5276/8908 = 59%, 147 KB/s], Decompressed: 422
2026-09-17T01:05:42.3848423Z Downloaded: 5347 file(s) [attempted 5348/8908 = 60%, 640 KB/s], Decompressed: 422
2026-09-17T01:05:42.4823611Z Downloaded: 5426 file(s) [attempted 5427/8908 = 60%, 1087 KB/s], Decompressed: 422
2026-09-17T01:05:42.5826621Z Downloaded: 5490 file(s) [attempted 5492/8908 = 61%, 235 KB/s], Decompressed: 422
2026-09-17T01:05:42.6830045Z Downloaded: 5567 file(s) [attempted 5569/8908 = 62%, 1094 KB/s], Decompressed: 1495
2026-09-17T01:05:42.8184985Z Downloaded: 5656 file(s) [attempted 5658/8908 = 63%, 441 KB/s], Decompressed: 1495
2026-09-17T01:05:42.9230580Z Downloaded: 5723 file(s) [attempted 5725/8908 = 64%, 286 KB/s], Decompressed: 1495
2026-09-17T01:05:43.0221830Z Downloaded: 5831 file(s) [attempted 5833/8908 = 65%, 1456 KB/s], Decompressed: 1495
2026-09-17T01:05:43.1229904Z Downloaded: 5899 file(s) [attempted 5901/8908 = 66%, 493 KB/s], Decompressed: 1495
2026-09-17T01:05:43.2611107Z Downloaded: 6008 file(s) [attempted 6010/8908 = 67%, 545 KB/s], Decompressed: 1495
2026-09-17T01:05:43.3634921Z Downloaded: 6112 file(s) [attempted 6114/8908 = 68%, 289 KB/s], Decompressed: 1495
2026-09-17T01:05:43.4639684Z Downloaded: 6223 file(s) [attempted 6225/8908 = 69%, 723 KB/s], Decompressed: 1495
2026-09-17T01:05:43.5720155Z Downloaded: 6336 file(s) [attempted 6338/8908 = 71%, 975 KB/s], Decompressed: 1495
2026-09-17T01:05:43.6688844Z Downloaded: 6422 file(s) [attempted 6424/8908 = 72%, 691 KB/s], Decompressed: 1495
2026-09-17T01:05:43.7714197Z Downloaded: 6523 file(s) [attempted 6525/8908 = 73%, 1322 KB/s], Decompressed: 1495
2026-09-17T01:05:43.8771913Z Downloaded: 6590 file(s) [attempted 6592/8908 = 74%, 1245 KB/s], Decompressed: 1495
2026-09-17T01:05:43.9809370Z Downloaded: 6653 file(s) [attempted 6655/8908 = 74%, 309 KB/s], Decompressed: 1495
2026-09-17T01:05:44.0792050Z Downloaded: 6730 file(s) [attempted 6732/8908 = 75%, 1131 KB/s], Decompressed: 1495
2026-09-17T01:05:44.1802208Z Downloaded: 6826 file(s) [attempted 6828/8908 = 76%, 4082 KB/s], Decompressed: 1495
2026-09-17T01:05:44.3077920Z Downloaded: 6920 file(s) [attempted 6922/8908 = 77%, 2196 KB/s], Decompressed: 1495
2026-09-17T01:05:44.4537717Z Downloaded: 6992 file(s) [attempted 6994/8908 = 78%, 361 KB/s], Decompressed: 1495
2026-09-17T01:05:44.5672625Z Downloaded: 7042 file(s) [attempted 7044/8908 = 79%, 4034 KB/s], Decompressed: 1495
2026-09-17T01:05:44.6739960Z Downloaded: 7143 file(s) [attempted 7145/8908 = 80%, 251 KB/s], Decompressed: 1495
2026-09-17T01:05:44.7681903Z Downloaded: 7222 file(s) [attempted 7224/8908 = 81%, 273 KB/s], Decompressed: 1495
2026-09-17T01:05:44.8689322Z Downloaded: 7292 file(s) [attempted 7294/8908 = 81%, 655 KB/s], Decompressed: 1495
2026-09-17T01:05:44.9980257Z Downloaded: 7359 file(s) [attempted 7361/8908 = 82%, 73 KB/s], Decompressed: 1495
2026-09-17T01:05:45.1000626Z Downloaded: 7426 file(s) [attempted 7428/8908 = 83%, 1192 KB/s], Decompressed: 1495
2026-09-17T01:05:45.2024605Z Downloaded: 7510 file(s) [attempted 7512/8908 = 84%, 625 KB/s], Decompressed: 1495
2026-09-17T01:05:45.3071296Z Downloaded: 7580 file(s) [attempted 7582/8908 = 85%, 54 KB/s], Decompressed: 1495
2026-09-17T01:05:45.4712738Z Downloaded: 7655 file(s) [attempted 7657/8908 = 85%, 2175 KB/s], Decompressed: 1495
2026-09-17T01:05:45.5739927Z Downloaded: 7717 file(s) [attempted 7719/8908 = 86%, 258 KB/s], Decompressed: 1495
2026-09-17T01:05:45.6723865Z Downloaded: 7789 file(s) [attempted 7791/8908 = 87%, 792 KB/s], Decompressed: 1495
2026-09-17T01:05:45.7790922Z Downloaded: 7871 file(s) [attempted 7873/8908 = 88%, 1458 KB/s], Decompressed: 1495
2026-09-17T01:05:45.8814023Z Downloaded: 7952 file(s) [attempted 7954/8908 = 89%, 426 KB/s], Decompressed: 1495
2026-09-17T01:05:45.9804322Z Downloaded: 8049 file(s) [attempted 8051/8908 = 90%, 406 KB/s], Decompressed: 1495
2026-09-17T01:05:46.0822103Z Downloaded: 8147 file(s) [attempted 8149/8908 = 91%, 2103 KB/s], Decompressed: 1495
2026-09-17T01:05:46.1860376Z Downloaded: 8248 file(s) [attempted 8250/8908 = 92%, 2940 KB/s], Decompressed: 1495
2026-09-17T01:05:46.2910119Z Downloaded: 8366 file(s) [attempted 8368/8908 = 93%, 845 KB/s], Decompressed: 1495
2026-09-17T01:05:46.3969705Z Downloaded: 8483 file(s) [attempted 8485/8908 = 95%, 304 KB/s], Decompressed: 1495
2026-09-17T01:05:46.4980263Z Downloaded: 8603 file(s) [attempted 8605/8908 = 96%, 2703 KB/s], Decompressed: 1495
2026-09-17T01:05:46.6187130Z Downloaded: 8714 file(s) [attempted 8716/8908 = 97%, 371 KB/s], Decompressed: 1495
2026-09-17T01:05:46.7129844Z Downloaded: 8812 file(s) [attempted 8814/8908 = 98%, 2413 KB/s], Decompressed: 1495
2026-09-17T01:05:46.7131154Z Downloaded: 8906 file(s) [attempted 8908/8908 = 100%, 2413 KB/s], Decompressed: 1495
2026-09-17T01:05:46.7179728Z Attempting to download 2 file(s) from leanprover-community/mathlib4 cache at https://cache.mathlib.org/mathlib4
2026-09-17T01:05:47.1380670Z 
2026-09-17T01:05:47.1412283Z Downloaded: 0 file(s) [attempted 1/2 = 50%, 0 KB/s], Decompressed: 1495
2026-09-17T01:05:47.1432305Z Downloaded: 0 file(s) [attempted 2/2 = 100%, 0 KB/s], Decompressed: 1495
2026-09-17T01:05:47.1461566Z Warning: some files were not found in the cache.
2026-09-17T01:05:47.1500753Z This usually means that your local checkout of mathlib4 has diverged from upstream.
2026-09-17T01:05:47.1504714Z 
2026-09-17T01:05:47.1510594Z   * If you push your commits to a PR to the mathlib4 repository
2026-09-17T01:05:47.1514621Z     (use a draft PR if it is not ready for review),
2026-09-17T01:05:47.1525633Z     then CI will build the oleans and they will be available later.
2026-09-17T01:05:47.1526589Z   * If you have already opened a PR, this may mean
2026-09-17T01:05:47.1527415Z     the CI build has failed part-way through building.
2026-09-17T01:06:05.9461620Z Decompressed 8906 file(s)
2026-09-17T01:06:05.9462076Z Already decompressed 8906 file(s)
2026-09-17T01:06:06.0123156Z ##[group]Run bash scripts/verify.sh
2026-09-17T01:06:06.0123493Z [36;1mbash scripts/verify.sh[0m
2026-09-17T01:06:06.0163493Z shell: /usr/bin/bash --noprofile --norc -e -o pipefail {0}
2026-09-17T01:06:06.0163851Z ##[endgroup]
2026-09-17T01:06:10.7519563Z ✔ [3116/3117] Built JSP000843 (2.7s)
2026-09-17T01:06:10.7565856Z Build completed successfully (3117 jobs).
2026-09-17T01:06:22.3964986Z 'JSP000843.triangleFree_iff' depends on axioms: [propext, Classical.choice, Quot.sound]
2026-09-17T01:06:22.3969661Z 'JSP000843.mycielski_triangleFree' depends on axioms: [propext]
2026-09-17T01:06:22.3970510Z 'JSP000843.mycielski_colorable' depends on axioms: [propext, Classical.choice, Quot.sound]
2026-09-17T01:06:22.3971466Z 'JSP000843.colorable_of_mycielski' depends on axioms: [propext, Classical.choice, Quot.sound]
2026-09-17T01:06:22.3972112Z 'JSP000843.family_chromaticNumber' depends on axioms: [propext, Classical.choice, Quot.sound]
2026-09-17T01:06:22.3972774Z 'JSP000843.family_card' depends on axioms: [propext, Classical.choice, Quot.sound]
2026-09-17T01:06:22.3973433Z 'JSP000843.exists_triangleFree_exact_chromatic' depends on axioms: [propext, Classical.choice, Quot.sound]
2026-09-17T01:06:22.3974094Z 'JSP000843.exists_for_every_k' depends on axioms: [propext, Classical.choice, Quot.sound]
2026-09-17T01:06:22.3974790Z theorem JSP000843.exists_for_every_k : ∀ (k : ℕ),
2026-09-17T01:06:22.3975357Z   2 ≤ k → ∃ V x G, Fintype.card V = 3 * 2 ^ (k - 2) - 1 ∧ G.CliqueFree 3 ∧ G.chromaticNumber = ↑k :=
2026-09-17T01:06:22.3975778Z fun k hk =>
2026-09-17T01:06:22.3976055Z   have h := JSP000843.exists_triangleFree_exact_chromatic (k - 2);
2026-09-17T01:06:22.3976408Z   Eq.mp
2026-09-17T01:06:22.3976589Z     (congrArg Exists
2026-09-17T01:06:22.3976808Z       (funext fun V =>
2026-09-17T01:06:22.3977014Z         congrArg Exists
2026-09-17T01:06:22.3977230Z           (funext fun x =>
2026-09-17T01:06:22.3977448Z             congrArg Exists
2026-09-17T01:06:22.3977683Z               (funext fun G =>
2026-09-17T01:06:22.3977980Z                 congrArg (And (Fintype.card V = 3 * 2 ^ (k - 2) - 1))
2026-09-17T01:06:22.3978324Z                   (congrArg (And (G.CliqueFree 3))
2026-09-17T01:06:22.3979022Z                     (congrArg (Eq G.chromaticNumber) (congrArg Nat.cast (Nat.sub_add_cancel hk))))))))
2026-09-17T01:06:22.3979443Z     h
2026-09-17T01:06:22.5772361Z All eight axiom audits and all actual dependency revisions passed.
2026-09-17T01:06:25.3093315Z ##[group]Run set -euo pipefail
2026-09-17T01:06:25.3093646Z [36;1mset -euo pipefail[0m
2026-09-17T01:06:25.3094021Z [36;1mbash scripts/verify_nanoda.sh 2>&1 | tee evidence/nanoda-build.log[0m
2026-09-17T01:06:25.3137834Z shell: /usr/bin/bash --noprofile --norc -e -o pipefail {0}
2026-09-17T01:06:25.3138197Z ##[endgroup]
2026-09-17T01:06:25.8376774Z https://github.com/leanprover/lean4export.git 6cea97789dc088ea47fcea15692db85685aedac5
2026-09-17T01:06:26.3910456Z https://github.com/ammkrn/nanoda_lib.git 4c544ed4099c8227f07d5de77ad1e69fb0740a27
2026-09-17T01:06:28.5472351Z ✔ [2/6] Built Export (2.0s)
2026-09-17T01:06:31.0499424Z ✔ [3/6] Built Export:c.o (2.5s)
2026-09-17T01:06:31.8506541Z ✔ [4/6] Built Main (816ms)
2026-09-17T01:06:32.0507941Z ✔ [5/6] Built Main:c.o (212ms)
2026-09-17T01:06:33.0524969Z ✔ [6/6] Built lean4export:exe (958ms)
2026-09-17T01:06:33.0544836Z Build completed successfully (6 jobs).
2026-09-17T01:06:33.3558148Z     Updating crates.io index
2026-09-17T01:06:33.6911367Z  Downloading crates ...
2026-09-17T01:06:33.7777031Z   Downloaded cfg-if v1.0.0
2026-09-17T01:06:33.7981723Z   Downloaded autocfg v1.1.0
2026-09-17T01:06:33.8070537Z   Downloaded rand_chacha v0.3.1
2026-09-17T01:06:33.8129643Z   Downloaded hashbrown v0.16.1
2026-09-17T01:06:33.8249347Z   Downloaded getrandom v0.2.11
2026-09-17T01:06:33.8299256Z   Downloaded equivalent v1.0.1
2026-09-17T01:06:33.8485517Z   Downloaded num-integer v0.1.46
2026-09-17T01:06:33.8502265Z   Downloaded ppv-lite86 v0.2.17
2026-09-17T01:06:33.8564391Z   Downloaded serde_core v1.0.228
2026-09-17T01:06:33.8592571Z   Downloaded itoa v1.0.15
2026-09-17T01:06:33.8621520Z   Downloaded indexmap v2.13.0
2026-09-17T01:06:33.8663938Z   Downloaded rustc-hash v1.1.0
2026-09-17T01:06:33.8712734Z   Downloaded proc-macro2 v1.0.103
2026-09-17T01:06:33.8743193Z   Downloaded ryu v1.0.20
2026-09-17T01:06:33.8774621Z   Downloaded serde v1.0.228
2026-09-17T01:06:33.8809350Z   Downloaded unicode-ident v1.0.12
2026-09-17T01:06:33.8836576Z   Downloaded rand_core v0.6.4
2026-09-17T01:06:33.8881000Z   Downloaded serde_derive v1.0.228
2026-09-17T01:06:33.8913817Z   Downloaded semver v1.0.27
2026-09-17T01:06:33.8943701Z   Downloaded num-traits v0.2.17
2026-09-17T01:06:33.8971390Z   Downloaded rand v0.8.5
2026-09-17T01:06:33.9005393Z   Downloaded quote v1.0.35
2026-09-17T01:06:33.9032276Z   Downloaded memchr v2.7.6
2026-09-17T01:06:33.9095627Z   Downloaded num-bigint v0.4.4
2026-09-17T01:06:33.9145112Z   Downloaded serde_json v1.0.145
2026-09-17T01:06:33.9220017Z   Downloaded syn v2.0.111
2026-09-17T01:06:33.9324703Z   Downloaded libc v0.2.180
2026-09-17T01:06:33.9931178Z    Compiling proc-macro2 v1.0.103
2026-09-17T01:06:33.9932117Z    Compiling autocfg v1.1.0
2026-09-17T01:06:33.9932818Z    Compiling unicode-ident v1.0.12
2026-09-17T01:06:33.9933307Z    Compiling serde_core v1.0.228
2026-09-17T01:06:34.2287862Z    Compiling serde v1.0.228
2026-09-17T01:06:34.3452245Z    Compiling num-traits v0.2.17
2026-09-17T01:06:34.4600021Z    Compiling num-bigint v0.4.4
2026-09-17T01:06:34.5751733Z    Compiling serde_json v1.0.145
2026-09-17T01:06:34.7824656Z    Compiling memchr v2.7.6
2026-09-17T01:06:35.1889442Z    Compiling quote v1.0.35
2026-09-17T01:06:35.4054143Z    Compiling syn v2.0.111
2026-09-17T01:06:35.5700936Z    Compiling num-integer v0.1.46
2026-09-17T01:06:35.8263010Z    Compiling hashbrown v0.16.1
2026-09-17T01:06:36.0205189Z    Compiling itoa v1.0.15
2026-09-17T01:06:36.2251936Z    Compiling equivalent v1.0.1
2026-09-17T01:06:36.2521683Z    Compiling ryu v1.0.20
2026-09-17T01:06:36.5378940Z    Compiling rustc-hash v1.1.0
2026-09-17T01:06:36.5821043Z    Compiling indexmap v2.13.0
2026-09-17T01:06:36.6053033Z    Compiling semver v1.0.27
2026-09-17T01:06:37.4119712Z    Compiling serde_derive v1.0.228
2026-09-17T01:06:40.2438436Z    Compiling nanoda_lib v0.4.17 (/tmp/tmp.qkbA1VFcd4/checker)
2026-09-17T01:06:52.9291735Z     Finished `release` profile [optimized] target(s) in 19.79s
2026-09-17T01:06:57.8555946Z Checked 6766 declarations with no errors
2026-09-17T01:06:58.5305379Z ##[group]Run set -euo pipefail
2026-09-17T01:06:58.5305944Z [36;1mset -euo pipefail[0m
2026-09-17T01:06:58.5306199Z [36;1mmkdir -p evidence[0m
2026-09-17T01:06:58.5306485Z [36;1mgit rev-parse HEAD > evidence/SOURCE_COMMIT[0m
2026-09-17T01:06:58.5306823Z [36;1mcp lake-manifest.json evidence/[0m
2026-09-17T01:06:58.5307161Z [36;1mgit diff --exit-code -- lake-manifest.json[0m
2026-09-17T01:06:58.5307580Z [36;1mtar --exclude=.lake --exclude=evidence -czf evidence/source.tar.gz .[0m
2026-09-17T01:06:58.5308066Z [36;1msha256sum evidence/source.tar.gz > evidence/ARCHIVE_SHA256[0m
2026-09-17T01:06:58.5371602Z shell: /usr/bin/bash --noprofile --norc -e -o pipefail {0}
2026-09-17T01:06:58.5371946Z ##[endgroup]
2026-09-17T01:06:58.5594203Z Node 20 is being deprecated. This workflow is running with Node 24 by default. If you need to temporarily use Node 20, you can set the ACTIONS_ALLOW_USE_UNSECURE_NODE_VERSION=true environment variable. For more information see: https://github.blog/changelog/2025-09-19-deprecation-of-node-20-on-github-actions-runners/
2026-09-17T01:06:58.5596793Z ##[group]Run actions/upload-artifact@ea165f8d65b6e75b540449e92b4886f43607fa02
2026-09-17T01:06:58.5597300Z with:
2026-09-17T01:06:58.5597502Z   name: jsp-000843-evidence
2026-09-17T01:06:58.5597781Z   path: projects/jsp-000843/evidence
2026-09-17T01:06:58.5598044Z   if-no-files-found: error
2026-09-17T01:06:58.5598270Z   compression-level: 6
2026-09-17T01:06:58.5598735Z   overwrite: false
2026-09-17T01:06:58.5598957Z   include-hidden-files: false
2026-09-17T01:06:58.5599190Z ##[endgroup]
2026-09-17T01:06:58.7658106Z (node:3866) [DEP0040] DeprecationWarning: The `punycode` module is deprecated. Please use a userland alternative instead.
2026-09-17T01:06:58.7659239Z (Use `node --trace-deprecation ...` to show where the warning was created)
2026-09-17T01:06:58.7758855Z With the provided path, there will be 14 files uploaded
2026-09-17T01:06:58.7763946Z Artifact name is valid!
2026-09-17T01:06:58.7795194Z Root directory input is valid!
2026-09-17T01:06:59.1348385Z Beginning upload of artifact content to blob storage
2026-09-17T01:06:59.3128773Z (node:3866) [DEP0169] DeprecationWarning: `url.parse()` behavior is not standardized and prone to errors that have security implications. Use the WHATWG URL API instead. CVEs are not issued for `url.parse()` vulnerabilities.
2026-09-17T01:06:59.9570630Z Uploaded bytes 4136526
2026-09-17T01:07:00.0155087Z Finished uploading artifact content to blob storage!
2026-09-17T01:07:00.0156102Z SHA256 digest of uploaded artifact zip is b4c29318d947b6f74ece2c2d4126014b9f493d5e37573478c7955fad7fb9ec9b
2026-09-17T01:07:00.0157680Z Finalizing artifact upload
2026-09-17T01:07:00.2603581Z Artifact jsp-000843-evidence.zip successfully finalized. Artifact ID 10475906905
2026-09-17T01:07:00.2604587Z Artifact jsp-000843-evidence has been successfully uploaded! Final size is 4136526 bytes. Artifact ID is 10475906905
2026-09-17T01:07:00.2613111Z Artifact download URL: https://github.com/ketianzhang1-lang/jsp-000301-lean/actions/runs/35169084966/artifacts/10475906905
2026-09-17T01:07:00.2830210Z Node 20 is being deprecated. This workflow is running with Node 24 by default. If you need to temporarily use Node 20, you can set the ACTIONS_ALLOW_USE_UNSECURE_NODE_VERSION=true environment variable. For more information see: https://github.blog/changelog/2025-09-19-deprecation-of-node-20-on-github-actions-runners/
2026-09-17T01:07:00.2831520Z Post job cleanup.
2026-09-17T01:07:00.3660697Z [command]/usr/bin/git version
2026-09-17T01:07:00.3702188Z git version 2.55.0
2026-09-17T01:07:00.3743321Z Temporarily overriding HOME='/home/runner/work/_temp/38fde31d-6cd8-45f6-a145-c886a70285fd' before making global git config changes
2026-09-17T01:07:00.3745062Z Adding repository directory to the temporary git global config as a safe directory
2026-09-17T01:07:00.3749493Z [command]/usr/bin/git config --global --add safe.directory /home/runner/work/jsp-000301-lean/jsp-000301-lean
2026-09-17T01:07:00.3787662Z [command]/usr/bin/git config --local --name-only --get-regexp core\.sshCommand
2026-09-17T01:07:00.3823811Z [command]/usr/bin/git submodule foreach --recursive sh -c "git config --local --name-only --get-regexp 'core\.sshCommand' && git config --local --unset-all 'core.sshCommand' || :"
2026-09-17T01:07:00.4086598Z [command]/usr/bin/git config --local --name-only --get-regexp http\.https\:\/\/github\.com\/\.extraheader
2026-09-17T01:07:00.4120849Z [command]/usr/bin/git submodule foreach --recursive sh -c "git config --local --name-only --get-regexp 'http\.https\:\/\/github\.com\/\.extraheader' && git config --local --unset-all 'http.https://github.com/.extraheader' || :"
2026-09-17T01:07:00.4357882Z [command]/usr/bin/git config --local --name-only --get-regexp ^includeIf\.gitdir:
2026-09-17T01:07:00.4394317Z [command]/usr/bin/git submodule foreach --recursive git config --local --show-origin --name-only --get-regexp remote.origin.url
2026-09-17T01:07:00.4783563Z Cleaning up orphan processes
2026-09-17T01:07:00.5188404Z ##[warning]Node.js 20 is deprecated. The following actions target Node.js 20 but are being forced to run on Node.js 24: actions/checkout@11d5960a326750d5838078e36cf38b85af677262, actions/upload-artifact@ea165f8d65b6e75b540449e92b4886f43607fa02. For more information see: https://github.blog/changelog/2025-09-19-deprecation-of-node-20-on-github-actions-runners/
