JSP-000395 PC5 submission package — build evidence

GitHub Actions run: 35127171862
Job: 104898948449
Tested staging commit: 6c45d37755a40c469eaf80f1848ae6731f168c62
Date: 2026-09-16
Runner OS: Ubuntu 24.04
Runner image: ubuntu-24.04, version 20260907.300.1

Pinned dependency checkout:
- Lean: v4.34.0
- Mathlib: 5ed2965256430c3649e86755f9576b54eca72435
- plausible: 118aa17ee84656b8bd727fef7c458ee8c833385c
- LeanSearchClient: ddf04cf3949fa556442341e87d47f9f6e6074707
- importGraph: e928b72544873815af278d38681b31c0293588e3
- proofwidgets: 106ff4fafc74ef4ac99d81dbf3ab399118f497a5
- aesop: 355695d523e41d0554926416cba2a2b3544fbbc9
- Qq: 6a489d9af5d0c47e5b259e2e8bcdfc1811b5a259
- batteries: f2effa3d803fda822b1f97b806c47cf2adfbcbc2
- Cli: e92c9f15fdfacc8536f31cfb3b7ad26c3c8cd204

Build summary:
Built PC5488.Basic
Built PC5488.Overlap
Built PC5488.Aggregate
Built PC5488.Bonferroni
Built PC5488.Final
Built PC5488
Build completed successfully (8930 jobs).

One non-fatal linter warning was emitted in PC5488/Basic.lean recommending `simp` instead of `simpa`; it does not affect elaboration or theorem checking.

Audit summary:
'PC5488.pc5_488' depends on axioms: [propext, Classical.choice, Quot.sound]

Overall result: PASS
