{
  "lean": "Lean (version 4.34.0, arm64-apple-darwin24.6.0, commit 293d5d0c0c3f3dded4688b3ccd6a33939ac5102b, Release)",
  "dependencies": [
    {
      "name": "plausible",
      "rev": "118aa17ee84656b8bd727fef7c458ee8c833385c",
      "tracked_sources_clean": true
    },
    {
      "name": "LeanSearchClient",
      "rev": "ddf04cf3949fa556442341e87d47f9f6e6074707",
      "tracked_sources_clean": true
    },
    {
      "name": "importGraph",
      "rev": "e928b72544873815af278d38681b31c0293588e3",
      "tracked_sources_clean": true
    },
    {
      "name": "proofwidgets",
      "rev": "106ff4fafc74ef4ac99d81dbf3ab399118f497a5",
      "tracked_sources_clean": true
    },
    {
      "name": "aesop",
      "rev": "355695d523e41d0554926416cba2a2b3544fbbc9",
      "tracked_sources_clean": true
    },
    {
      "name": "Qq",
      "rev": "6a489d9af5d0c47e5b259e2e8bcdfc1811b5a259",
      "tracked_sources_clean": true
    },
    {
      "name": "batteries",
      "rev": "f2effa3d803fda822b1f97b806c47cf2adfbcbc2",
      "tracked_sources_clean": true
    },
    {
      "name": "Cli",
      "rev": "e92c9f15fdfacc8536f31cfb3b7ad26c3c8cd204",
      "tracked_sources_clean": true
    },
    {
      "name": "mathlib",
      "rev": "5ed2965256430c3649e86755f9576b54eca72435",
      "tracked_sources_clean": true
    }
  ]
}
