{
  "positive_seeds_checked": 336,
  "terms_per_seed": 40,
  "unsorted_example": [
    9,
    1,
    10,
    11,
    20,
    21,
    22,
    31,
    41,
    42,
    43,
    51
  ],
  "repeated_example": [
    2,
    2,
    4,
    6,
    8,
    10,
    12,
    14,
    18,
    20,
    22,
    24
  ],
  "classical_first_20": [
    1,
    2,
    3,
    5,
    6,
    8,
    10,
    11,
    14,
    16,
    17,
    18,
    19,
    21,
    22,
    24,
    25,
    29,
    30,
    32
  ],
  "scope": "Finite checks of definitions, not evidence of the asymptotic theorem."
}
