{
  "all_seed_subsets_checked": 512,
  "sidon_seeds": 140,
  "additional_seed_chains": 5,
  "verified_stages": 1305,
  "nonforbidden_pair_tests": 9949,
  "negative_controls": 3,
  "lean_outputs_matched": [
    [
      [],
      [
        1,
        2
      ],
      [
        1,
        2,
        5,
        7
      ],
      [
        1,
        2,
        5,
        7,
        15,
        22
      ],
      [
        1,
        2,
        5,
        7,
        15,
        22,
        38,
        47
      ],
      [
        1,
        2,
        5,
        7,
        15,
        22,
        38,
        47,
        65,
        76
      ],
      [
        1,
        2,
        5,
        7,
        15,
        22,
        38,
        47,
        65,
        76,
        120,
        132
      ]
    ],
    [
      1,
      2,
      7,
      9,
      11,
      12,
      19
    ],
    [
      [
        1,
        2,
        4,
        8
      ],
      [
        1,
        2,
        4,
        8,
        16,
        21
      ],
      [
        1,
        2,
        4,
        8,
        16,
        21,
        37,
        46
      ],
      [
        1,
        2,
        4,
        8,
        16,
        21,
        37,
        46,
        64,
        74
      ],
      [
        1,
        2,
        4,
        8,
        16,
        21,
        37,
        46,
        64,
        74,
        114,
        125
      ],
      [
        1,
        2,
        4,
        8,
        16,
        21,
        37,
        46,
        64,
        74,
        114,
        125,
        179,
        201
      ]
    ],
    [
      5,
      9,
      10,
      11,
      22,
      23
    ]
  ]
}
