2026-09-17T01:48:15.1742963Z   persist-credentials: false
2026-09-17T01:48:15.1750719Z   fetch-tags: false
2026-09-17T01:48:15.1751816Z   lfs: false
2026-09-17T01:48:15.1752324Z   submodules: false
2026-09-17T01:48:15.1753361Z   allow-unsafe-pr-checkout: false
2026-09-17T01:48:15.2893763Z hint: Disable this message with "git config set advice.defaultBranchName false"
2026-09-17T01:50:21.0259033Z Build completed successfully (3094 jobs).
2026-09-17T01:50:25.2335322Z replaying JSP000303
2026-09-17T01:50:29.2137256Z replaying Statement
2026-09-17T01:50:31.3173789Z 'JSP000303.alpha_congruence' depends on axioms: [propext, Quot.sound]
2026-09-17T01:50:31.3174613Z 'JSP000303.prime_power_divides' depends on axioms: [propext, Classical.choice, Quot.sound]
2026-09-17T01:50:31.3175377Z 'JSP000303.quantitative_nat' depends on axioms: [propext, Classical.choice, Quot.sound]
2026-09-17T01:50:31.3176122Z 'JSP000303.log_witness_le' depends on axioms: [propext, Classical.choice, Quot.sound]
2026-09-17T01:50:31.3177340Z 'JSP000303.logarithmic_bound' depends on axioms: [propext, Classical.choice, Quot.sound]
2026-09-17T01:50:31.3178123Z 'JSP000303.erdos_367_k_three_lower' depends on axioms: [propext, Classical.choice, Quot.sound]
2026-09-17T01:50:31.3178664Z 'JSP000303.logarithmic_lower_all_k' depends on axioms: [propext, Classical.choice, Quot.sound]
2026-09-17T01:50:31.3179280Z 'JSP000303.ratio_unbounded' depends on axioms: [propext, Classical.choice, Quot.sound]
2026-09-17T01:50:31.3179810Z 'JSP000303.not_quadratic_bound' depends on axioms: [propext, Classical.choice, Quot.sound]
2026-09-17T01:50:31.3180405Z 'Erdos367.erdos_367.variants.k_ge_three_lower' depends on axioms: [propext, Classical.choice, Quot.sound]
2026-09-17T01:50:31.3180985Z 'Erdos367.erdos_367.parts.ii' depends on axioms: [propext, Classical.choice, Quot.sound]
2026-09-17T01:50:31.4440810Z PASS: all 11 declarations use only standard foundational axioms
2026-09-17T01:50:39.9627033Z Build completed successfully (6 jobs).
2026-09-17T01:51:08.4064429Z Checked 18034 declarations with no errors
2026-09-17T01:51:10.2438031Z [36;1mgit rev-parse HEAD > evidence/SOURCE_COMMIT[0m
2026-09-17T01:51:10.2660946Z   overwrite: false
2026-09-17T01:51:10.2661206Z   include-hidden-files: false
2026-09-17T01:51:11.9444912Z SHA256 digest of uploaded artifact zip is c7fb9de17f51bde804571eaf9977f3cdba7caa77561937d9d61941f6d293cf75
2026-09-17T01:51:12.1613992Z Artifact jsp-000303-evidence.zip successfully finalized. Artifact ID 10477740179
