✔ [1064/1109] Built JSP000746.ResolutionPart011 (7.3s)
✔ [1065/1109] Built JSP000746.ResolutionPart000 (11s)
✔ [1066/1109] Built JSP000746.ResolutionPart012 (6.4s)
✔ [1067/1109] Built JSP000746.ResolutionPart002 (25s)
✔ [1068/1109] Built JSP000746.ResolutionPart001 (27s)
✔ [1069/1109] Built JSP000746.ResolutionPart013 (16s)
✔ [1070/1109] Built JSP000746.ResolutionPart010 (30s)
✔ [1071/1109] Built JSP000746.ResolutionPart003 (35s)
✔ [1072/1109] Built JSP000746.ResolutionPart005 (35s)
✔ [1073/1109] Built JSP000746.ResolutionPart008 (35s)
✔ [1074/1109] Built JSP000746.ResolutionPart006 (37s)
✔ [1075/1109] Built JSP000746.ResolutionPart009 (38s)
✔ [1076/1109] Built JSP000746.ResolutionPart007 (40s)
✔ [1077/1109] Built JSP000746.ResolutionPart004 (40s)
✔ [1078/1109] Built JSP000746.ResolutionPart014 (27s)
✔ [1079/1109] Built JSP000746.ResolutionPart015 (16s)
✔ [1080/1109] Built JSP000746.ResolutionPart016 (22s)
✔ [1081/1109] Built JSP000746.ResolutionPart017 (30s)
✔ [1082/1109] Built JSP000746.ResolutionPart018 (27s)
✔ [1083/1109] Built JSP000746.ResolutionPart019 (26s)
✔ [1084/1109] Built JSP000746.ResolutionPart020 (30s)
✔ [1085/1109] Built JSP000746.ResolutionPart021 (30s)
✔ [1086/1109] Built JSP000746.ResolutionPart027 (27s)
✔ [1087/1109] Built JSP000746.ResolutionPart024 (33s)
✔ [1089/1109] Built JSP000746.ResolutionPart022 (36s)
✔ [1090/1109] Built JSP000746.ResolutionPart023 (35s)
✔ [1091/1109] Built JSP000746.ResolutionPart025 (34s)
✔ [1092/1109] Built JSP000746.ResolutionPart026 (36s)
✔ [1093/1109] Built JSP000746.Basic (29s)
✔ [1094/1109] Built JSP000746.ResolutionPart037 (34s)
✔ [1095/1109] Built JSP000746.ResolutionPart036 (35s)
✔ [1096/1109] Built JSP000746.ResolutionPart038 (33s)
✔ [1097/1109] Built JSP000746.ResolutionPart030 (51s)
✔ [1098/1109] Built JSP000746.ResolutionPart031 (47s)
✔ [1099/1109] Built JSP000746.ResolutionPart033 (43s)
✔ [1100/1109] Built JSP000746.ResolutionPart028 (60s)
✔ [1101/1109] Built JSP000746.ResolutionPart035 (36s)
✔ [1102/1109] Built JSP000746.ResolutionPart029 (51s)
✔ [1103/1109] Built JSP000746.ResolutionPart032 (43s)
✔ [1104/1109] Built JSP000746.ResolutionPart034 (40s)
ℹ [1105/1109] Built JSP000746.Resolution (72s)
info: JSP000746/Resolution.lean:10349:0: 'JSP000746.resolution' depends on axioms: [propext, Classical.choice, Quot.sound]
✔ [1106/1109] Built JSP000746.Main (15s)
✔ [1107/1109] Built JSP000746.Finite (2.3s)
✔ [1108/1109] Built JSP000746 (2.0s)
Build completed successfully (1109 jobs).
