✔ [1235/1284] Built JSP000078.CyclePositions (24s)
✔ [1237/1284] Built JSP000078.CycleCardinality (24s)
✔ [1239/1286] Built JSP000078.HistoricalSpec (25s)
✔ [1240/1286] Built JSP000078.Basic (25s)
✔ [1241/1286] Built JSP000078.PathGluing (24s)
✔ [1244/1286] Built JSP000078.LongestOutsidePath (24s)
✔ [1246/1290] Built JSP000078.TwoSpokeCycle (25s)
✔ [1249/1290] Built JSP000078.CycleChords (25s)
✔ [1250/1290] Built JSP000078.TwoOutsideVerticesCycle (25s)
✔ [1277/1317] Built JSP000078.SpokeParityExhaustion (25s)
✔ [1512/1667] Built JSP000078.CycleArcs (34s)
✔ [1513/1667] Built JSP000078.CycleRotationPositions (35s)
✔ [1514/1667] Built JSP000078.PathTrimming (35s)
✔ [1515/1667] Built JSP000078.CycleLinking (35s)
✔ [1516/1667] Built JSP000078.PathSplit (34s)
✔ [1519/1667] Built JSP000078.CycleSegments (32s)
✔ [1520/1667] Built JSP000078.FanBasePaths (32s)
✔ [1522/1667] Built JSP000078.MathlibBridge (35s)
✔ [1523/1667] Built JSP000078.OddCyclicClosure (34s)
✔ [1524/1667] Built JSP000078.HistoricalCountingSpec (35s)
✔ [1525/1667] Built JSP000078.EndpointCountArithmetic (4.1s)
✔ [1526/1667] Built JSP000078.PathSupportBounds (7.1s)
✔ [1527/1667] Built JSP000078.EndpointCycleData (7.1s)
✔ [1528/1667] Built JSP000078.CommonAttachmentData (6.0s)
✔ [1529/1667] Built JSP000078.PathParity (7.2s)
✔ [1530/1667] Built JSP000078.PathSpokes (7.2s)
✔ [1531/1667] Built JSP000078.NearParityExhaustion (7.5s)
✔ [1532/1667] Built JSP000078.CyclicGapExistence (7.6s)
✔ [1533/1667] Built JSP000078.CyclicParityCounts (7.7s)
✔ [1534/1667] Built JSP000078.NormalizedOddGapClosure (7.6s)
✔ [1535/1667] Built JSP000078.OneHubPairRigidity (7.0s)
✔ [1537/1667] Built JSP000078.ComplementaryParitySelection (7.6s)
✔ [1538/1667] Built JSP000078.ConnectorSetAlternatives (7.6s)
✔ [1539/1667] Built JSP000078.TwoChordLengthClassification (7.8s)
✔ [1540/1667] Built JSP000078.SharedEdgeCycle (8.9s)
✔ [1541/1667] Built JSP000078.SharedAttachmentCycle (8.7s)
✔ [1542/1667] Built JSP000078.ColoringSeparator (8.7s)
✔ [1543/1667] Built JSP000078.LowDegreeColorExtension (8.8s)
✔ [1544/1667] Built JSP000078.OddClosedWalk (8.0s)
✔ [1546/1667] Built JSP000078.OddCyclePairNeighbors (9.9s)
✔ [1547/1667] Built JSP000078.AttachmentCycles (7.8s)
✔ [1548/1667] Built JSP000078.SeparatorSets (11s)
✔ [1549/1667] Built JSP000078.OddCycleSplice (7.7s)
✔ [1550/1667] Built JSP000078.SharedVertexPathSplice (8.1s)
✔ [1551/1667] Built JSP000078.OutsideVertexCycles (7.3s)
✔ [1552/1667] Built JSP000078.CycleTwoArcLengths (7.5s)
✔ [1553/1667] Built JSP000078.Linkage (8.2s)
✔ [1554/1667] Built JSP000078.DeletionConnector (8.6s)
✔ [1555/1667] Built JSP000078.FanRectanglePaths (8.6s)
✔ [1556/1667] Built JSP000078.SaturatedNeighborSet (15s)
✔ [1557/1667] Built JSP000078.HistoricalPathLengthsSpec (13s)
✔ [1558/1667] Built JSP000078.CommonAttachmentCount (11s)
✔ [1559/1667] Built JSP000078.LongestOddCycle (12s)
✔ [1560/1667] Built JSP000078.EvenFanBipartite (14s)
✔ [1561/1667] Built JSP000078.FiniteGraphTransport (13s)
✔ [1562/1667] Built JSP000078.FanPositions (14s)
✔ [1564/1667] Built JSP000078.OddCycleFan (13s)
✔ [1565/1667] Built JSP000078.TwoEndpointChordPaths (11s)
✔ [1566/1667] Built JSP000078.FanSubgraph (14s)
✔ [1567/1667] Built JSP000078.OutsideRoutes (7.2s)
✔ [1568/1667] Built JSP000078.FanPathCounting (6.3s)
✔ [1569/1667] Built JSP000078.RotatedRimNeighbors (6.2s)
✔ [1570/1667] Built JSP000078.LinkageReroute (6.1s)
✔ [1571/1667] Built JSP000078.EvenGapForcesTwo (7.2s)
✔ [1572/1667] Built JSP000078.LinkageConnector (6.1s)
✔ [1574/1667] Built JSP000078.CommonAttachmentGeometry (6.3s)
✔ [1575/1667] Built JSP000078.TwoAttachmentOneLength (6.4s)
✔ [1576/1667] Built JSP000078.CyclicDistanceSets (7.1s)
✔ [1577/1667] Built JSP000078.CycleClosedWalkBipartite (7.5s)
✔ [1578/1667] Built JSP000078.InitialLinkage (12s)
✔ [1580/1667] Built JSP000078.HistoricalStructuralSpec (13s)
✔ [1581/1667] Built JSP000078.TriplePathCounting (13s)
✔ [1582/1667] Built JSP000078.TwoChordRouteFamily (14s)
✔ [1583/1667] Built JSP000078.SharedAttachmentManyChords (14s)
✔ [1584/1667] Built JSP000078.EndpointConfiguration (14s)
✔ [1585/1667] Built JSP000078.SpanningCycleChords (14s)
✔ [1586/1667] Built JSP000078.FanRegions (14s)
✔ [1588/1667] Built JSP000078.FanBaseCounting (13s)
✔ [1589/1667] Built JSP000078.CommonEdgeNoAdjacent (14s)
✔ [1590/1667] Built JSP000078.HistoricalExceptionsSpec (10s)
✔ [1591/1667] Built JSP000078.HubDistanceData (10s)
✔ [1592/1667] Built JSP000078.MarkedConnectorData (10s)
✔ [1593/1667] Built JSP000078.ProperDistanceComplement (11s)
✔ [1594/1667] Built JSP000078.HistoricalLinking (10s)
✔ [1595/1667] Built JSP000078.CycleDistanceCoordinates (10s)
✔ [1597/1667] Built JSP000078.FanSmallCase (10s)
✔ [1599/1667] Built JSP000078.CommonNeighborCount (15s)
✔ [1600/1667] Built JSP000078.HistoricalColoring (10s)
✔ [1601/1667] Built JSP000078.CyclicDistanceRebase (12s)
✔ [1602/1667] Built JSP000078.GyarfasLemmaOne (17s)
✔ [1603/1667] Built JSP000078.EndpointRoutes (17s)
✔ [1604/1667] Built JSP000078.HubEvenMinimum (17s)
✔ [1605/1667] Built JSP000078.EndpointConfigurationBridge (17s)
✔ [1606/1667] Built JSP000078.FanRectangleRealization (17s)
✔ [1607/1667] Built JSP000078.SeparatedSumCounting (16s)
✔ [1608/1667] Built JSP000078.OutsideHubData (17s)
✔ [1609/1667] Built JSP000078.SharedEdgeGeometry (17s)
✔ [1610/1667] Built JSP000078.MarkedConnectorBalance (18s)
✔ [1611/1667] Built JSP000078.NormalizedHubRigidity (18s)
✔ [1612/1667] Built JSP000078.BalancedMarkedGaps (7.6s)
✔ [1613/1667] Built JSP000078.SingleOddLength (7.6s)
✔ [1614/1667] Built JSP000078.RectangleCounting (7.9s)
✔ [1615/1667] Built JSP000078.ShiftedPairCount (6.8s)
✔ [1616/1667] Built JSP000078.ExtraSmallLengthCount (7.6s)
✔ [1617/1667] Built JSP000078.SharedEdgeOneLength (7.8s)
✔ [1618/1667] Built JSP000078.SharedCycleComparison (6.4s)
✔ [1619/1667] Built JSP000078.FanCounting (7.0s)
✔ [1620/1667] Built JSP000078.HubDistanceRebase (7.0s)
✔ [1621/1667] Built JSP000078.EndpointCount (8.3s)
✔ [1622/1667] Built JSP000078.ChordVertexIndices (8.0s)
✔ [1623/1667] Built JSP000078.GyarfasLemmaSeven (9.1s)
✔ [1624/1667] Built JSP000078.ConnectorGeometry (8.9s)
✔ [1625/1667] Built JSP000078.PathChordParity (8.9s)
✔ [1626/1667] Built JSP000078.OutsideNeighborPredecessor (9.0s)
✔ [1627/1667] Built JSP000078.FanRectangleBounds (8.9s)
✔ [1628/1667] Built JSP000078.OddConnectorCount (8.4s)
✔ [1629/1667] Built JSP000078.TwoChordOneOddPath (8.0s)
✔ [1630/1667] Built JSP000078.PathEndpointFan (9.1s)
✔ [1631/1667] Built JSP000078.SharedEdgeConnectorCount (9.4s)
✔ [1632/1667] Built JSP000078.HubRigidity (20s)
✔ [1633/1667] Built JSP000078.OutsideNeighborSaturation (20s)
✔ [1634/1667] Built JSP000078.EndpointDegree (20s)
✔ [1635/1667] Built JSP000078.DistinctAttachmentsOne (20s)
✔ [1636/1667] Built JSP000078.SharedAttachmentEvenFan (20s)
✔ [1637/1667] Built JSP000078.FanInternalPaths (19s)
✔ [1638/1667] Built JSP000078.EvenCycleFan (20s)
✔ [1639/1667] Built JSP000078.GyarfasLemmaFour (20s)
✔ [1640/1667] Built JSP000078.ExceptionalConnectorCount (20s)
✔ [1641/1667] Built JSP000078.ConnectorClassCounts (20s)
✔ [1642/1667] Built JSP000078.GyarfasLemmaThree (5.3s)
✔ [1643/1667] Built JSP000078.GyarfasLemmaTwo (5.3s)
✔ [1644/1667] Built JSP000078.DistinctAttachmentsLarge (5.5s)
✔ [1645/1667] Built JSP000078.GyarfasLemmaFive (5.5s)
✔ [1646/1667] Built JSP000078.RouteFamilyContradiction (5.0s)
✔ [1647/1667] Built JSP000078.SharedEdgeException (5.6s)
✔ [1648/1667] Built JSP000078.GyarfasLemmaEight (2.4s)
✔ [1649/1667] Built JSP000078.FanHom (2.8s)
✔ [1650/1667] Built JSP000078.TwoChordLargeException (2.6s)
✔ [1651/1667] Built JSP000078.OutsideFanLengthSet (6.2s)
✔ [1652/1667] Built JSP000078.DisjointFanCycleCount (6.2s)
✔ [1653/1667] Built JSP000078.EndpointNeighborCases (6.6s)
✔ [1654/1667] Built JSP000078.SharedFanContradiction (6.2s)
✔ [1655/1667] Built JSP000078.SharedFanLengthSet (6.2s)
✔ [1656/1667] Built JSP000078.SharedFanCycleCount (6.2s)
✔ [1657/1667] Built JSP000078.LongestOutsideEndpoints (8.7s)
✔ [1658/1667] Built JSP000078.TwoChordOneException (8.7s)
✔ [1659/1667] Built JSP000078.SingletonEndpointNeighbors (8.7s)
✔ [1660/1667] Built JSP000078.GyarfasLemmaSix (1.5s)
✔ [1661/1667] Built JSP000078.EqualEndpointManyNeighbors (1.6s)
✔ [1662/1667] Built JSP000078.GyarfasStructural (3.2s)
✔ [1663/1667] Built JSP000078.Main (1.7s)
✔ [1664/1667] Built JSP000078.Sharpness (3.1s)
ℹ [1665/1667] Built JSP000078.AxiomAudit (1.2s)
info: JSP000078/AxiomAudit.lean:12:0: 'JSP000078.chromaticNumber_le_two_mul_oddCycleLengths_card_add_two' depends on axioms: [propext,
 Classical.choice,
 Quot.sound]
info: JSP000078/AxiomAudit.lean:13:0: 'JSP000078.colorable_of_card_oddCycleLengths_le' depends on axioms: [propext, Classical.choice, Quot.sound]
info: JSP000078/AxiomAudit.lean:14:0: 'JSP000078.chromaticNumber_le_of_card_oddCycleLengths_eq' depends on axioms: [propext, Classical.choice, Quot.sound]
info: JSP000078/AxiomAudit.lean:15:0: 'JSP000078.isBipartite_iff_oddCycleLengths_eq_empty' depends on axioms: [propext, Classical.choice, Quot.sound]
info: JSP000078/AxiomAudit.lean:16:0: 'JSP000078.card_oddCycleLengths_ge_of_chromaticNumber_eq' depends on axioms: [propext, Classical.choice, Quot.sound]
info: JSP000078/AxiomAudit.lean:17:0: 'JSP000078.oddCycleLengths_bound_sharp' depends on axioms: [propext, Classical.choice, Quot.sound]
info: JSP000078/AxiomAudit.lean:18:0: 'JSP000078.historicalCycleLinking' depends on axioms: [propext, Classical.choice, Quot.sound]
info: JSP000078/AxiomAudit.lean:19:0: 'JSP000078.outside_odd_cycle_length_lt_longest' depends on axioms: [propext, Classical.choice, Quot.sound]
info: JSP000078/AxiomAudit.lean:20:0: 'JSP000078.historicalIncidentChordLemmaTwo' depends on axioms: [propext, Classical.choice, Quot.sound]
info: JSP000078/AxiomAudit.lean:21:0: 'JSP000078.historicalOddBaseChordCounting' depends on axioms: [propext, Classical.choice, Quot.sound]
info: JSP000078/AxiomAudit.lean:22:0: 'JSP000078.historicalBipartiteFanPathLengths' depends on axioms: [propext, Classical.choice, Quot.sound]
info: JSP000078/AxiomAudit.lean:23:0: 'JSP000078.historicalEndpointNeighborCount' depends on axioms: [propext, Classical.choice, Quot.sound]
info: JSP000078/AxiomAudit.lean:24:0: 'JSP000078.historicalIndependentComplement' depends on axioms: [propext, Classical.choice, Quot.sound]
info: JSP000078/AxiomAudit.lean:25:0: 'JSP000078.odd_lengths_of_common_endpoint_neighbors' depends on axioms: [propext, Classical.choice, Quot.sound]
info: JSP000078/AxiomAudit.lean:26:0: 'JSP000078.shared_endpoint_edge_exception' depends on axioms: [propext, Classical.choice, Quot.sound]
info: JSP000078/AxiomAudit.lean:27:0: 'JSP000078.historicalDistinctEndpointException' depends on axioms: [propext, Classical.choice, Quot.sound]
info: JSP000078/AxiomAudit.lean:28:0: 'JSP000078.gyarfas_structural_theorem' depends on axioms: [propext, Classical.choice, Quot.sound]
info: JSP000078/AxiomAudit.lean:29:0: 'JSP000078.historicalGyarfasStructuralTheorem' depends on axioms: [propext, Classical.choice, Quot.sound]
✔ [1666/1667] Built JSP000078 (1.3s)
Build completed successfully (1667 jobs).
