replaying JSP000078
replaying JSP000078.TwoSpokeCycle
replaying JSP000078.TwoOutsideVerticesCycle
replaying JSP000078.TwoEndpointChordPaths
replaying JSP000078.TwoChordRouteFamily
replaying JSP000078.TwoChordOneOddPath
replaying JSP000078.TwoChordOneException
replaying JSP000078.TwoChordLengthClassification
replaying JSP000078.TwoChordLargeException
replaying JSP000078.TwoAttachmentOneLength
replaying JSP000078.TriplePathCounting
replaying JSP000078.SpokeParityExhaustion
replaying JSP000078.SpanningCycleChords
replaying JSP000078.SingletonEndpointNeighbors
replaying JSP000078.SingleOddLength
replaying JSP000078.ShiftedPairCount
replaying JSP000078.Sharpness
replaying JSP000078.SharedVertexPathSplice
replaying JSP000078.SharedFanLengthSet
replaying JSP000078.SharedFanCycleCount
replaying JSP000078.SharedFanContradiction
replaying JSP000078.SharedEdgeOneLength
replaying JSP000078.SharedEdgeGeometry
replaying JSP000078.SharedEdgeException
replaying JSP000078.SharedEdgeCycle
replaying JSP000078.SharedEdgeConnectorCount
replaying JSP000078.SharedCycleComparison
replaying JSP000078.SharedAttachmentManyChords
replaying JSP000078.SharedAttachmentEvenFan
replaying JSP000078.SharedAttachmentCycle
replaying JSP000078.SeparatorSets
replaying JSP000078.SeparatedSumCounting
replaying JSP000078.SaturatedNeighborSet
replaying JSP000078.RouteFamilyContradiction
replaying JSP000078.RotatedRimNeighbors
replaying JSP000078.RectangleCounting
replaying JSP000078.ProperDistanceComplement
replaying JSP000078.PathTrimming
replaying JSP000078.PathSupportBounds
replaying JSP000078.PathSpokes
replaying JSP000078.PathSplit
replaying JSP000078.PathParity
replaying JSP000078.PathGluing
replaying JSP000078.PathEndpointFan
replaying JSP000078.PathChordParity
replaying JSP000078.Parity
replaying JSP000078.OutsideVertexCycles
replaying JSP000078.OutsideRoutes
replaying JSP000078.OutsideNeighborSaturation
replaying JSP000078.OutsideNeighborPredecessor
replaying JSP000078.OutsideHubData
replaying JSP000078.OutsideFanLengthSet
replaying JSP000078.OneHubPairRigidity
replaying JSP000078.OddCyclicClosure
replaying JSP000078.OddCycleSplice
replaying JSP000078.OddCycles
replaying JSP000078.OddCyclePairNeighbors
replaying JSP000078.OddCycleFan
replaying JSP000078.OddConnectorCount
replaying JSP000078.OddClosedWalk
replaying JSP000078.NormalizedOddGapClosure
replaying JSP000078.NormalizedHubRigidity
replaying JSP000078.NearParityExhaustion
replaying JSP000078.MathlibBridge
replaying JSP000078.MarkedConnectorData
replaying JSP000078.MarkedConnectorBalance
replaying JSP000078.Main
replaying JSP000078.LowDegreeColorExtension
replaying JSP000078.LongestOutsidePath
replaying JSP000078.LongestOutsideEndpoints
replaying JSP000078.LongestOddCycle
replaying JSP000078.LinkageReroute
replaying JSP000078.LinkageConnector
replaying JSP000078.Linkage
replaying JSP000078.InitialLinkage
replaying JSP000078.HubRigidity
replaying JSP000078.HubEvenMinimum
replaying JSP000078.HubDistanceRebase
replaying JSP000078.HubDistanceData
replaying JSP000078.HistoricalStructuralSpec
replaying JSP000078.HistoricalSpec
replaying JSP000078.HistoricalPathLengthsSpec
replaying JSP000078.HistoricalLinking
replaying JSP000078.HistoricalExceptionsSpec
replaying JSP000078.HistoricalCountingSpec
replaying JSP000078.HistoricalColoring
replaying JSP000078.GyarfasStructural
replaying JSP000078.GyarfasLemmaTwo
replaying JSP000078.GyarfasLemmaThree
replaying JSP000078.GyarfasLemmaSix
replaying JSP000078.GyarfasLemmaSeven
replaying JSP000078.GyarfasLemmaOne
replaying JSP000078.GyarfasLemmaFour
replaying JSP000078.GyarfasLemmaFive
replaying JSP000078.GyarfasLemmaEight
replaying JSP000078.General
replaying JSP000078.FiniteGraphTransport
replaying JSP000078.FiniteEquality
replaying JSP000078.FanSubgraph
replaying JSP000078.FanSmallCase
replaying JSP000078.FanRegions
replaying JSP000078.FanRectangleRealization
replaying JSP000078.FanRectanglePaths
replaying JSP000078.FanRectangleBounds
replaying JSP000078.FanPositions
replaying JSP000078.FanPathCounting
replaying JSP000078.FanInternalPaths
replaying JSP000078.FanHom
replaying JSP000078.FanCounting
replaying JSP000078.FanBasePaths
replaying JSP000078.FanBaseCounting
replaying JSP000078.ExtraSmallLengthCount
replaying JSP000078.ExceptionalConnectorCount
replaying JSP000078.EvenGapForcesTwo
replaying JSP000078.EvenFanBipartite
replaying JSP000078.EvenCycleFan
replaying JSP000078.EqualEndpointManyNeighbors
replaying JSP000078.EndpointRoutes
replaying JSP000078.EndpointNeighborCases
replaying JSP000078.EndpointDegree
replaying JSP000078.EndpointCycleData
replaying JSP000078.EndpointCountArithmetic
replaying JSP000078.EndpointCount
replaying JSP000078.EndpointConfigurationBridge
replaying JSP000078.EndpointConfiguration
replaying JSP000078.DistinctAttachmentsOne
replaying JSP000078.DistinctAttachmentsLarge
replaying JSP000078.DisjointFanCycleCount
replaying JSP000078.DepthFirst
replaying JSP000078.DeletionConnector
replaying JSP000078.CyclicParityCounts
replaying JSP000078.CyclicGapExistence
replaying JSP000078.CyclicDistanceSets
replaying JSP000078.CyclicDistanceRebase
replaying JSP000078.CycleTwoArcLengths
replaying JSP000078.CycleSegments
replaying JSP000078.CycleRotationPositions
replaying JSP000078.CyclePositions
replaying JSP000078.CycleLinking
replaying JSP000078.CycleLengths
replaying JSP000078.CycleDistanceCoordinates
replaying JSP000078.CycleClosedWalkBipartite
replaying JSP000078.CycleChords
replaying JSP000078.CycleCardinality
replaying JSP000078.CycleArcs
replaying JSP000078.ConnectorSetAlternatives
replaying JSP000078.ConnectorGeometry
replaying JSP000078.ConnectorClassCounts
replaying JSP000078.ComplementaryParitySelection
replaying JSP000078.Compactness
replaying JSP000078.CommonNeighborCount
replaying JSP000078.CommonEdgeNoAdjacent
replaying JSP000078.CommonAttachmentGeometry
replaying JSP000078.CommonAttachmentData
replaying JSP000078.CommonAttachmentCount
replaying JSP000078.ColoringSeparator
replaying JSP000078.Coloring
replaying JSP000078.ChordVertexIndices
replaying JSP000078.Basic
replaying JSP000078.BalancedMarkedGaps
replaying JSP000078.AxiomAudit
replaying JSP000078.AttachmentCycles
