{
  "exact_counts_N_0_to_16": [
    1,
    2,
    4,
    8,
    16,
    32,
    52,
    104,
    208,
    416,
    832,
    1664,
    1856,
    3712,
    7424,
    9664,
    19328
  ],
  "independent_count_methods": [
    "rational set DP",
    "integer LCM bitset"
  ],
  "signed_difference_checks_m_0_to_8": 9,
  "doubling_equivalence_and_lower_bound_m_1_to_12": 12,
  "compatible_extension_checks": 51,
  "lean_output_crosscheck": true,
  "expected_lean_outputs": [
    [
      1,
      2,
      4,
      8,
      16,
      32,
      52,
      104,
      208,
      416,
      832
    ],
    [
      false,
      true,
      true,
      true,
      true,
      true,
      false,
      true,
      true,
      true
    ],
    [
      0,
      1,
      3,
      11,
      25,
      137,
      127,
      1019
    ],
    [
      [
        false,
        false,
        false,
        false,
        false,
        false,
        false,
        false,
        false,
        false,
        false
      ],
      [
        true,
        true,
        true,
        true,
        true,
        true,
        true,
        true,
        true,
        true,
        true
      ],
      [
        true,
        false,
        true,
        true,
        true,
        true,
        true,
        true,
        true,
        true,
        true
      ],
      [
        false,
        true,
        false,
        false,
        false,
        true,
        true,
        true,
        true,
        true,
        true
      ],
      [
        true,
        false,
        false,
        false,
        false,
        false,
        false,
        false,
        true,
        true,
        true
      ],
      [
        false,
        false,
        true,
        false,
        false,
        false,
        false,
        false,
        false,
        false,
        false
      ],
      [
        false,
        false,
        false,
        false,
        false,
        false,
        false,
        false,
        false,
        false,
        false
      ],
      [
        false,
        false,
        false,
        true,
        false,
        false,
        false,
        false,
        false,
        false,
        false
      ]
    ]
  ]
}
