2026-09-17T01:59:58.2449398Z ✔ [2276/2277] Built JSP000476 (2.5s)
2026-09-17T01:59:58.2515049Z Build completed successfully (2277 jobs).
2026-09-17T02:00:06.9550837Z 'JSP000476.all_sums_attained' depends on axioms: [propext, Classical.choice, Quot.sound]
2026-09-17T02:00:06.9555277Z 'JSP000476.prime_mul_not_power' depends on axioms: [propext, Classical.choice, Quot.sound]
2026-09-17T02:00:06.9556161Z 'JSP000476.multiples_card' depends on axioms: [propext, Classical.choice, Quot.sound]
2026-09-17T02:00:06.9556733Z 'JSP000476.multiples_power_free' depends on axioms: [propext, Classical.choice, Quot.sound]
2026-09-17T02:00:06.9557372Z 'JSP000476.multiples_square_witness' depends on axioms: [propext, Classical.choice, Quot.sound]
2026-09-17T02:00:06.9558065Z 'JSP000476.multiples_square_free_iff' depends on axioms: [propext, Classical.choice, Quot.sound]
2026-09-17T02:00:06.9558674Z 'JSP000476.multiples_power_free_iff' depends on axioms: [propext, Classical.choice, Quot.sound]
2026-09-17T02:00:06.9559257Z 'JSP000476.exact_criterion' depends on axioms: [propext, Classical.choice, Quot.sound]
2026-09-17T02:00:06.9559825Z 'JSP000476.exists_power_free_card' depends on axioms: [propext, Classical.choice, Quot.sound]
2026-09-17T02:00:06.9560430Z 'JSP000476.exists_power_free_in_interval' depends on axioms: [propext, Classical.choice, Quot.sound]
2026-09-17T02:00:06.9561018Z 'JSP000476.cubic_lower_bound' depends on axioms: [propext, Classical.choice, Quot.sound]
2026-09-17T02:00:06.9561594Z 'JSP000476.example_twelve' depends on axioms: [propext, Classical.choice, Quot.sound]
2026-09-17T02:00:06.9564860Z 'JSP000476.squarefree_mul_not_power' depends on axioms: [propext, Classical.choice, Quot.sound]
2026-09-17T02:00:06.9565766Z 'JSP000476.multiple_sum_realization' depends on axioms: [propext, Classical.choice, Quot.sound]
2026-09-17T02:00:06.9566687Z 'JSP000476.squarefree_multiples_power_free' depends on axioms: [propext, Classical.choice, Quot.sound]
2026-09-17T02:00:06.9567648Z 'JSP000476.squarefree_exact_criterion' depends on axioms: [propext, Classical.choice, Quot.sound]
2026-09-17T02:00:06.9568440Z 'JSP000476.cancel_square_factor' depends on axioms: [propext, Quot.sound]
2026-09-17T02:00:06.9569158Z 'JSP000476.general_step_criterion' depends on axioms: [propext, Classical.choice, Quot.sound]
2026-09-17T02:00:06.9569786Z 'JSP000476.all_positive_steps_classified' depends on axioms: [propext, Classical.choice, Quot.sound]
2026-09-17T02:00:06.9570464Z 'JSP000476.nonsquare_step_does_not_imply_power_avoidance' depends on axioms: [propext, Classical.choice, Quot.sound]
2026-09-17T02:00:07.1201823Z Twenty target axiom audits and all nine dependency revision checks passed.
2026-09-17T02:01:06.2800070Z Checked 32032 declarations with no errors
2026-09-17T02:01:13.2056195Z SHA256 digest of uploaded artifact zip is 6c3184bce60ec757b0cca74a939a1329cab6573527bb4c9e2792e075c0d76b29
2026-09-17T02:01:13.4055253Z Artifact jsp-000476-evidence.zip successfully finalized. Artifact ID 10477376441
2026-09-17T02:01:13.4056790Z Artifact jsp-000476-evidence has been successfully uploaded! Final size is 30500568 bytes. Artifact ID is 10477376441
