{
  "utc_time": "2026-09-17T05:08:46.085568+00:00",
  "python": "3.14.7",
  "min_k": 9,
  "max_k": 300,
  "prime_mode": "all",
  "parameter_pairs_checked": 1454,
  "distinct_k_checked": 285,
  "parameters_skipped_no_admissible_prime": [
    10,
    11,
    14,
    15,
    16,
    17,
    26
  ],
  "failed_pairs": [],
  "left_cases": 1055,
  "right_cases": 399,
  "elapsed_seconds": 21.016159,
  "finite_experiments_passed": true,
  "lean_checked": false,
  "universal_proof_certified": false,
  "priority_cleared": false,
  "note": "Skipped k are not passes. Finite tests are not a universal proof or Lean verification."
}
