✔ [1505/1622] Built JSP000078.HistoricalSpec (20s)
✔ [1506/1622] Built JSP000078.PathTrimming (20s)
✔ [1507/1622] Built JSP000078.PathGluing (20s)
✔ [1508/1622] Built JSP000078.CycleChords (20s)
✔ [1509/1622] Built JSP000078.TwoSpokeCycle (20s)
✔ [1510/1622] Built JSP000078.CycleSegments (20s)
✔ [1511/1622] Built JSP000078.Basic (21s)
✔ [1512/1622] Built JSP000078.FanBasePaths (20s)
✔ [1513/1622] Built JSP000078.DepthFirst (21s)
✔ [1515/1622] Built JSP000078.Parity (21s)
✔ [1516/1622] Built JSP000078.EndpointCountArithmetic (5.9s)
✔ [1517/1622] Built JSP000078.CyclePositions (8.9s)
✔ [1518/1622] Built JSP000078.CycleCardinality (8.8s)
✔ [1519/1622] Built JSP000078.TwoOutsideVerticesCycle (8.9s)
✔ [1520/1622] Built JSP000078.SpokeParityExhaustion (9.4s)
✔ [1522/1622] Built JSP000078.NearParityExhaustion (8.8s)
✔ [1523/1622] Built JSP000078.ComplementaryParitySelection (9.6s)
✔ [1524/1622] Built JSP000078.CyclicParityCounts (9.6s)
✔ [1525/1622] Built JSP000078.PathParity (13s)
✔ [1526/1622] Built JSP000078.OddCyclicClosure (13s)
✔ [1527/1622] Built JSP000078.CycleArcs (11s)
✔ [1528/1622] Built JSP000078.PathSplit (11s)
✔ [1529/1622] Built JSP000078.SharedEdgeCycle (11s)
✔ [1530/1622] Built JSP000078.PathSupportBounds (12s)
✔ [1531/1622] Built JSP000078.CyclicGapExistence (15s)
✔ [1532/1622] Built JSP000078.NormalizedOddGapClosure (12s)
✔ [1533/1622] Built JSP000078.Linkage (13s)
✔ [1535/1622] Built JSP000078.OneHubPairRigidity (16s)
✔ [1536/1622] Built JSP000078.CycleLinking (12s)
✔ [1537/1622] Built JSP000078.PathSpokes (12s)
✔ [1538/1622] Built JSP000078.EndpointCycleData (6.2s)
✔ [1539/1622] Built JSP000078.CommonAttachmentData (6.1s)
✔ [1540/1622] Built JSP000078.FanRectanglePaths (6.5s)
✔ [1541/1622] Built JSP000078.CycleTwoArcLengths (6.7s)
✔ [1542/1622] Built JSP000078.HistoricalCountingSpec (6.6s)
✔ [1543/1622] Built JSP000078.MathlibBridge (6.5s)
✔ [1544/1622] Built JSP000078.OddCycles (5.9s)
✔ [1546/1622] Built JSP000078.CycleRotationPositions (5.9s)
✔ [1547/1622] Built JSP000078.OddCyclePairNeighbors (6.5s)
✔ [1548/1622] Built JSP000078.FanPathCounting (5.6s)
✔ [1549/1622] Built JSP000078.CyclicDistanceSets (5.4s)
✔ [1550/1622] Built JSP000078.EvenGapForcesTwo (5.7s)
✔ [1551/1622] Built JSP000078.OutsideVertexCycles (5.8s)
✔ [1552/1622] Built JSP000078.InitialLinkage (5.8s)
✔ [1553/1622] Built JSP000078.LinkageReroute (6.3s)
✔ [1554/1622] Built JSP000078.AttachmentCycles (6.8s)
✔ [1555/1622] Built JSP000078.OddCycleSplice (7.8s)
✔ [1557/1622] Built JSP000078.HistoricalPathLengthsSpec (14s)
✔ [1558/1622] Built JSP000078.LinkageConnector (16s)
✔ [1559/1622] Built JSP000078.CommonAttachmentCount (16s)
✔ [1560/1622] Built JSP000078.Coloring (13s)
✔ [1561/1622] Built JSP000078.LongestOddCycle (14s)
✔ [1562/1622] Built JSP000078.OddCycleFan (14s)
✔ [1563/1622] Built JSP000078.FanPositions (15s)
✔ [1565/1622] Built JSP000078.EvenFanBipartite (15s)
✔ [1566/1622] Built JSP000078.OutsideRoutes (16s)
✔ [1567/1622] Built JSP000078.HubDistanceData (11s)
✔ [1568/1622] Built JSP000078.HistoricalLinking (11s)
✔ [1569/1622] Built JSP000078.CommonAttachmentGeometry (11s)
✔ [1570/1622] Built JSP000078.RotatedRimNeighbors (13s)
✔ [1571/1622] Built JSP000078.CycleDistanceCoordinates (12s)
✔ [1573/1622] Built JSP000078.TriplePathCounting (12s)
✔ [1574/1622] Built JSP000078.SaturatedNeighborSet (24s)
✔ [1575/1622] Built JSP000078.TwoAttachmentOneLength (12s)
✔ [1576/1622] Built JSP000078.CommonEdgeNoAdjacent (14s)
✔ [1577/1622] Built JSP000078.CyclicDistanceRebase (16s)
✔ [1578/1622] Built JSP000078.HistoricalStructuralSpec (13s)
✔ [1579/1622] Built JSP000078.GyarfasLemmaOne (10s)
✔ [1581/1622] Built JSP000078.HubEvenMinimum (13s)
✔ [1582/1622] Built JSP000078.Main (13s)
✔ [1583/1622] Built JSP000078.EndpointConfiguration (14s)
✔ [1584/1622] Built JSP000078.SpanningCycleChords (14s)
✔ [1585/1622] Built JSP000078.FanRegions (14s)
✔ [1586/1622] Built JSP000078.FanBaseCounting (14s)
✔ [1587/1622] Built JSP000078.CommonNeighborCount (12s)
✔ [1588/1622] Built JSP000078.NormalizedHubRigidity (16s)
✔ [1589/1622] Built JSP000078.HistoricalExceptionsSpec (17s)
✔ [1590/1622] Built JSP000078.FanSmallCase (17s)
✔ [1591/1622] Built JSP000078.Sharpness (15s)
✔ [1592/1622] Built JSP000078.OutsideHubData (18s)
✔ [1593/1622] Built JSP000078.SharedEdgeGeometry (17s)
✔ [1594/1622] Built JSP000078.SharedEdgeOneLength (17s)
✔ [1595/1622] Built JSP000078.RectangleCounting (17s)
✔ [1596/1622] Built JSP000078.SeparatedSumCounting (17s)
✔ [1597/1622] Built JSP000078.HubDistanceRebase (17s)
✔ [1598/1622] Built JSP000078.FanCounting (17s)
✔ [1599/1622] Built JSP000078.EvenCycleFan (17s)
✔ [1600/1622] Built JSP000078.FanRectangleRealization (17s)
✔ [1601/1622] Built JSP000078.EndpointRoutes (17s)
✔ [1602/1622] Built JSP000078.EndpointConfigurationBridge (18s)
✔ [1603/1622] Built JSP000078.HubRigidity (17s)
✔ [1604/1622] Built JSP000078.ExtraSmallLengthCount (17s)
✔ [1605/1622] Built JSP000078.FanRectangleBounds (17s)
✔ [1606/1622] Built JSP000078.EndpointCount (18s)
✔ [1607/1622] Built JSP000078.GyarfasLemmaSeven (7.5s)
✔ [1608/1622] Built JSP000078.OutsideNeighborPredecessor (7.6s)
✔ [1609/1622] Built JSP000078.GyarfasLemmaTwo (7.8s)
✔ [1610/1622] Built JSP000078.FanInternalPaths (7.6s)
✔ [1611/1622] Built JSP000078.GyarfasLemmaFour (7.0s)
✔ [1612/1622] Built JSP000078.SharedEdgeConnectorCount (8.4s)
✔ [1613/1622] Built JSP000078.OutsideNeighborSaturation (5.9s)
✔ [1614/1622] Built JSP000078.DistinctAttachmentsLarge (6.1s)
✔ [1615/1622] Built JSP000078.DistinctAttachmentsOne (6.1s)
✔ [1616/1622] Built JSP000078.GyarfasLemmaThree (5.8s)
✔ [1617/1622] Built JSP000078.SharedEdgeException (5.0s)
✔ [1618/1622] Built JSP000078.GyarfasLemmaEight (6.2s)
✔ [1619/1622] Built JSP000078.GyarfasLemmaFive (6.2s)
ℹ [1620/1622] Built JSP000078.AxiomAudit (7.0s)
info: JSP000078/AxiomAudit.lean:11:0: 'JSP000078.chromaticNumber_le_two_mul_oddCycleLengths_card_add_two' depends on axioms: [propext,
 Classical.choice,
 Quot.sound]
info: JSP000078/AxiomAudit.lean:12:0: 'JSP000078.colorable_of_card_oddCycleLengths_le' depends on axioms: [propext, Classical.choice, Quot.sound]
info: JSP000078/AxiomAudit.lean:13:0: 'JSP000078.chromaticNumber_le_of_card_oddCycleLengths_eq' depends on axioms: [propext, Classical.choice, Quot.sound]
info: JSP000078/AxiomAudit.lean:14:0: 'JSP000078.isBipartite_iff_oddCycleLengths_eq_empty' depends on axioms: [propext, Classical.choice, Quot.sound]
info: JSP000078/AxiomAudit.lean:15:0: 'JSP000078.card_oddCycleLengths_ge_of_chromaticNumber_eq' depends on axioms: [propext, Classical.choice, Quot.sound]
info: JSP000078/AxiomAudit.lean:16:0: 'JSP000078.oddCycleLengths_bound_sharp' depends on axioms: [propext, Classical.choice, Quot.sound]
info: JSP000078/AxiomAudit.lean:17:0: 'JSP000078.historicalCycleLinking' depends on axioms: [propext, Classical.choice, Quot.sound]
info: JSP000078/AxiomAudit.lean:18:0: 'JSP000078.outside_odd_cycle_length_lt_longest' depends on axioms: [propext, Classical.choice, Quot.sound]
info: JSP000078/AxiomAudit.lean:19:0: 'JSP000078.historicalIncidentChordLemmaTwo' depends on axioms: [propext, Classical.choice, Quot.sound]
info: JSP000078/AxiomAudit.lean:20:0: 'JSP000078.historicalOddBaseChordCounting' depends on axioms: [propext, Classical.choice, Quot.sound]
info: JSP000078/AxiomAudit.lean:21:0: 'JSP000078.historicalBipartiteFanPathLengths' depends on axioms: [propext, Classical.choice, Quot.sound]
info: JSP000078/AxiomAudit.lean:22:0: 'JSP000078.historicalEndpointNeighborCount' depends on axioms: [propext, Classical.choice, Quot.sound]
info: JSP000078/AxiomAudit.lean:23:0: 'JSP000078.historicalIndependentComplement' depends on axioms: [propext, Classical.choice, Quot.sound]
info: JSP000078/AxiomAudit.lean:24:0: 'JSP000078.odd_lengths_of_common_endpoint_neighbors' depends on axioms: [propext, Classical.choice, Quot.sound]
info: JSP000078/AxiomAudit.lean:25:0: 'JSP000078.shared_endpoint_edge_exception' depends on axioms: [propext, Classical.choice, Quot.sound]
info: JSP000078/AxiomAudit.lean:26:0: 'JSP000078.historicalDistinctEndpointException' depends on axioms: [propext, Classical.choice, Quot.sound]
✔ [1621/1622] Built JSP000078 (5.8s)
Build completed successfully (1622 jobs).
