theorem JSP001007.green44_counterexample (k : Nat) :
  forall [inst._@.Jsp.Jsp001007Final.3365552169._hygCtx._hyg.5 : NeZero k],
  LT.lt (OfNat.ofNat 0) k → Exists
    (fun (N₀ : Nat) =>
    forall (N : Nat),
    GE.ge N N₀ → Exists
      (fun (p : Fin k → Nat) =>
      Exists
        (fun (A : (forall (i : Fin k), Finset (ZMod (p i)))) =>
        And (forall (i : Fin k), Nat.Prime (p i))
          (And (StrictMono p)
            (And
              (forall (i : Fin k),
              LT.lt (HPow.hPow (p i) (OfNat.ofNat 10)) (HPow.hPow N (OfNat.ofNat 9)))
              (And
                (forall (i : Fin k),
                Eq (Finset.card (A i))
                  (HDiv.hDiv (HSub.hSub (p i) (OfNat.ofNat 1)) (OfNat.ofNat 2)))
                (LT.lt (HDiv.hDiv N (OfNat.ofNat 10))
                  (Finset.card (JSP001007.survivors N p A))))))))) :=
  _

theorem JSP001007.not_green44_conjecture :
  Not (JSP001007.Green44Conjecture (HDiv.hDiv (OfNat.ofNat 1) (OfNat.ofNat 10))) :=
  _

axiom propext {a b : Sort 0} : Iff a b → Eq a b

axiom Quot.sound.{u} {α : Sort u} {r : α → α → Sort 0} {a b : α} :
  r a b → Eq (Quot.mk r a) (Quot.mk r b)

axiom Classical.choice.{u} {α : Sort u} : Nonempty α → α

Checked 43725 declarations with no errors
