Collected ErdosProblems.Erdos58
Collected ErdosProblems.Erdos58.AlternativeSharp
Collected ErdosProblems.Erdos58.Arithmetic
Collected ErdosProblems.Erdos58.Basic
Collected ErdosProblems.Erdos58.Bipartite
Collected ErdosProblems.Erdos58.Boundary
Collected ErdosProblems.Erdos58.Critical
Collected ErdosProblems.Erdos58.CycleArcs
Collected ErdosProblems.Erdos58.DFSUpper
Collected ErdosProblems.Erdos58.EndpointCount
Collected ErdosProblems.Erdos58.Fan
Collected ErdosProblems.Erdos58.Independent
Collected ErdosProblems.Erdos58.Linkage
Collected ErdosProblems.Erdos58.MainReduction
Collected ErdosProblems.Erdos58.Menger
Collected ErdosProblems.Erdos58.Structural
Collected ErdosProblems.Erdos58.Structural.BoundaryApplication
Collected ErdosProblems.Erdos58.Structural.CaseAssembly
Collected ErdosProblems.Erdos58.Structural.CaseConclusion
Collected ErdosProblems.Erdos58.Structural.ConnectivityBridge
Collected ErdosProblems.Erdos58.Structural.EndpointApplication
Collected ErdosProblems.Erdos58.Structural.FanApplication
Collected ErdosProblems.Erdos58.Structural.FanLinkage
Collected ErdosProblems.Erdos58.Structural.HamiltonianBranch
Collected ErdosProblems.Erdos58.Structural.IndependentGap
Collected ErdosProblems.Erdos58.Structural.K1Boundary
Collected ErdosProblems.Erdos58.Structural.LongestCycle
Collected ErdosProblems.Erdos58.Structural.LongestCycleBridge
Collected ErdosProblems.Erdos58.Structural.LongestPath
Collected ErdosProblems.Erdos58.Structural.OutsideCycle
Collected ErdosProblems.Erdos58.Structural.Setup
Collected ErdosProblems.Erdos58.Structural.SingletonFan
Collected ErdosProblems.Erdos58.Structural.SpliceConstruction
Collected ErdosProblems.Erdos58.Structural.TwoLinkage
Collected ErdosProblems.Erdos58.StructuralAlt
Collected Jsp000078.CycleLengths
Collected Jsp000078.Compactness
Collected Jsp000078.General
Collected Jsp000078
Replaying 3197 declarations from 39 modules against Mathlib only.
Successfully replayed 3197 declarations from 39 modules.
