replaying JSP000878.Statement
replaying JSP000878.Main
replaying ErdosProblems.Erdos1058
replaying ErdosProblems.Erdos1058.Erdos1058Assembly
replaying ErdosProblems.Erdos1058.Erdos1058PeriodicSieve
replaying ErdosProblems.Erdos1058.Erdos1058BugeaudLaurentProof
replaying ErdosProblems.Erdos1058.Erdos1058BugeaudLaurentBoxes
replaying ErdosProblems.Erdos1058.Erdos1058PrimeBatchData1
replaying ErdosProblems.Erdos1058.Erdos1058Core
replaying ErdosProblems.Erdos1058.Erdos1058BugeaudLaurentSharpBound
replaying ErdosProblems.Erdos1058.Erdos1058PrimeBatchData3
replaying ErdosProblems.Erdos1058.Erdos1058CharacterSieve
replaying ErdosProblems.Erdos1058.Erdos1058PeriodicCertificates
replaying ErdosProblems.Erdos1058.Erdos1058BugeaudLaurentZero
replaying ErdosProblems.Erdos1058.Erdos1058CharacterData
replaying ErdosProblems.Erdos1058.Erdos1058BugeaudLaurentParameters
replaying ErdosProblems.Erdos1058.Erdos1058BugeaudLaurent
replaying ErdosProblems.Erdos1058.Erdos1058PrimeBatchData2
replaying ErdosProblems.Erdos1058.Erdos1058PrimeBatchData0
replaying ErdosProblems.Erdos1058.Erdos1058BugeaudLaurentVandermonde
replaying ErdosProblems.Erdos1058.Erdos1058BugeaudLaurentBalancedDeterminant
replaying ErdosProblems.Erdos1058.Erdos1058BugeaudLaurentRectangle
replaying ErdosProblems.Erdos1058.Erdos1058PeriodicData2
replaying ErdosProblems.Erdos1058.Erdos1058PeriodicData0
replaying ErdosProblems.Erdos1058.Erdos1058PrimeBatch
replaying ErdosProblems.Erdos1058.Erdos1058PrimeGapBatch210
replaying ErdosProblems.Erdos1058.Erdos1058PeriodicData1
replaying ErdosProblems.Erdos1058.Erdos1058PrimeGapBase
replaying ErdosProblems.Erdos1058.Erdos1058BugeaudLaurentDeterminant
replaying ErdosProblems.Erdos1058.Erdos1058PeriodicData3
replaying ErdosProblems.Erdos1058.Erdos1058BugeaudLaurentMod

exit_code=0
