# REDACTED PUBLIC COPY; this is not unmodified raw output.
# Record role: final verification run
# Known environment paths were replaced; see logs/REDACTION.md.

✔ [894/897] Built Cambie (28s)
ℹ [896/897] Built Audit (4.3s)
info: Audit.lean:20:0: @erdos_1063.variants.cambie_upper_bound : ∀ {k : ℕ}, 3 ≤ k → n k ≤ k * (Finset.Icc 1 (k - 1)).lcm id
info: Audit.lean:21:0: @cambie_witness : ∀ {k : ℕ},
  3 ≤ k →
    have N := k * (Finset.Icc 1 (k - 1)).lcm id;
    2 * k ≤ N ∧ ∃ i0 < k, ¬N - i0 ∣ N.choose k ∧ ∀ i < k, i ≠ i0 → N - i ∣ N.choose k
info: Audit.lean:22:0: target_alignment : ∀ (k : ℕ),
  3 ≤ k →
    sInf {m | 2 * k ≤ m ∧ ∃ i0 < k, ¬m - i0 ∣ m.choose k ∧ ∀ i < k, i ≠ i0 → m - i ∣ m.choose k} ≤
      k * (Finset.Icc 1 (k - 1)).lcm id
info: Audit.lean:23:0: def Erdos1063.n : ℕ → ℕ :=
fun k => sInf {m | 2 * k ≤ m ∧ ∃ i0 < k, ¬m - i0 ∣ m.choose k ∧ ∀ i < k, i ≠ i0 → m - i ∣ m.choose k}
info: Audit.lean:24:0: 'Erdos1063.choose_pred_eq_prod' depends on axioms: [propext, Classical.choice, Quot.sound]
info: Audit.lean:25:0: 'Erdos1063.cambie_witness' depends on axioms: [propext, Classical.choice, Quot.sound]
info: Audit.lean:26:0: 'Erdos1063.erdos_1063.variants.cambie_upper_bound' depends on axioms: [propext, Classical.choice, Quot.sound]
info: Audit.lean:27:0: 'Erdos1063.definition_alignment' depends on axioms: [propext, Classical.choice, Quot.sound]
info: Audit.lean:28:0: 'Erdos1063.target_alignment' depends on axioms: [propext, Classical.choice, Quot.sound]
Build completed successfully (897 jobs).

COMMAND STATUS: COMPLETED
EXIT: 0
